Archive member included to satisfy reference by file (symbol)

/usr/local/Cellar/gcc-arm-none-eabi/20180627/bin/../lib/gcc/arm-none-eabi/7.3.1/thumb/v7-m/libgcc.a(_arm_addsubdf3.o)
                              obj/app.o (__aeabi_ui2d)
/usr/local/Cellar/gcc-arm-none-eabi/20180627/bin/../lib/gcc/arm-none-eabi/7.3.1/thumb/v7-m/libgcc.a(_arm_muldivdf3.o)
                              obj/app.o (__aeabi_dmul)
/usr/local/Cellar/gcc-arm-none-eabi/20180627/bin/../lib/gcc/arm-none-eabi/7.3.1/thumb/v7-m/libgcc.a(_arm_fixdfsi.o)
                              obj/app.o (__aeabi_d2iz)
/usr/local/Cellar/gcc-arm-none-eabi/20180627/bin/../lib/gcc/arm-none-eabi/7.3.1/../../../../arm-none-eabi/lib/thumb/v7-m/libc_nano.a(lib_a-exit.o)
                              /usr/local/Cellar/gcc-arm-none-eabi/20180627/bin/../lib/gcc/arm-none-eabi/7.3.1/../../../../arm-none-eabi/lib/thumb/v7-m/crt0.o (exit)
/usr/local/Cellar/gcc-arm-none-eabi/20180627/bin/../lib/gcc/arm-none-eabi/7.3.1/../../../../arm-none-eabi/lib/thumb/v7-m/libc_nano.a(lib_a-impure.o)
                              /usr/local/Cellar/gcc-arm-none-eabi/20180627/bin/../lib/gcc/arm-none-eabi/7.3.1/../../../../arm-none-eabi/lib/thumb/v7-m/libc_nano.a(lib_a-exit.o) (_global_impure_ptr)
/usr/local/Cellar/gcc-arm-none-eabi/20180627/bin/../lib/gcc/arm-none-eabi/7.3.1/../../../../arm-none-eabi/lib/thumb/v7-m/libc_nano.a(lib_a-init.o)
                              /usr/local/Cellar/gcc-arm-none-eabi/20180627/bin/../lib/gcc/arm-none-eabi/7.3.1/../../../../arm-none-eabi/lib/thumb/v7-m/crt0.o (__libc_init_array)
/usr/local/Cellar/gcc-arm-none-eabi/20180627/bin/../lib/gcc/arm-none-eabi/7.3.1/../../../../arm-none-eabi/lib/thumb/v7-m/libc_nano.a(lib_a-memcpy-stub.o)
                              obj/constManager.o (memcpy)
/usr/local/Cellar/gcc-arm-none-eabi/20180627/bin/../lib/gcc/arm-none-eabi/7.3.1/../../../../arm-none-eabi/lib/thumb/v7-m/libc_nano.a(lib_a-memset.o)
                              /usr/local/Cellar/gcc-arm-none-eabi/20180627/bin/../lib/gcc/arm-none-eabi/7.3.1/../../../../arm-none-eabi/lib/thumb/v7-m/crt0.o (memset)

Discarded input sections

 .text          0x0000000000000000        0x0 /usr/local/Cellar/gcc-arm-none-eabi/20180627/bin/../lib/gcc/arm-none-eabi/7.3.1/thumb/v7-m/crti.o
 .data          0x0000000000000000        0x0 /usr/local/Cellar/gcc-arm-none-eabi/20180627/bin/../lib/gcc/arm-none-eabi/7.3.1/thumb/v7-m/crti.o
 .bss           0x0000000000000000        0x0 /usr/local/Cellar/gcc-arm-none-eabi/20180627/bin/../lib/gcc/arm-none-eabi/7.3.1/thumb/v7-m/crti.o
 .data          0x0000000000000000        0x4 /usr/local/Cellar/gcc-arm-none-eabi/20180627/bin/../lib/gcc/arm-none-eabi/7.3.1/thumb/v7-m/crtbegin.o
 .text          0x0000000000000000       0x74 /usr/local/Cellar/gcc-arm-none-eabi/20180627/bin/../lib/gcc/arm-none-eabi/7.3.1/../../../../arm-none-eabi/lib/thumb/v7-m/crt0.o
 .data          0x0000000000000000        0x0 /usr/local/Cellar/gcc-arm-none-eabi/20180627/bin/../lib/gcc/arm-none-eabi/7.3.1/../../../../arm-none-eabi/lib/thumb/v7-m/crt0.o
 .bss           0x0000000000000000        0x0 /usr/local/Cellar/gcc-arm-none-eabi/20180627/bin/../lib/gcc/arm-none-eabi/7.3.1/../../../../arm-none-eabi/lib/thumb/v7-m/crt0.o
 .ARM.extab     0x0000000000000000        0x0 /usr/local/Cellar/gcc-arm-none-eabi/20180627/bin/../lib/gcc/arm-none-eabi/7.3.1/../../../../arm-none-eabi/lib/thumb/v7-m/crt0.o
 .ARM.exidx     0x0000000000000000        0x8 /usr/local/Cellar/gcc-arm-none-eabi/20180627/bin/../lib/gcc/arm-none-eabi/7.3.1/../../../../arm-none-eabi/lib/thumb/v7-m/crt0.o
 .ARM.attributes
                0x0000000000000000       0x1b /usr/local/Cellar/gcc-arm-none-eabi/20180627/bin/../lib/gcc/arm-none-eabi/7.3.1/../../../../arm-none-eabi/lib/thumb/v7-m/crt0.o
 .group         0x0000000000000000        0xc obj/app.o
 .group         0x0000000000000000        0xc obj/app.o
 .group         0x0000000000000000        0xc obj/app.o
 .group         0x0000000000000000        0xc obj/app.o
 .group         0x0000000000000000        0xc obj/app.o
 .group         0x0000000000000000        0xc obj/app.o
 .group         0x0000000000000000        0xc obj/app.o
 .group         0x0000000000000000        0xc obj/app.o
 .group         0x0000000000000000        0xc obj/app.o
 .group         0x0000000000000000        0xc obj/app.o
 .group         0x0000000000000000        0xc obj/app.o
 .group         0x0000000000000000        0xc obj/app.o
 .group         0x0000000000000000        0xc obj/app.o
 .group         0x0000000000000000        0xc obj/app.o
 .group         0x0000000000000000        0xc obj/app.o
 .group         0x0000000000000000        0xc obj/app.o
 .group         0x0000000000000000        0xc obj/app.o
 .group         0x0000000000000000        0xc obj/app.o
 .group         0x0000000000000000        0xc obj/app.o
 .group         0x0000000000000000        0xc obj/app.o
 .group         0x0000000000000000        0xc obj/app.o
 .group         0x0000000000000000        0xc obj/app.o
[...]
Memory Configuration

Name             Origin             Length             Attributes
FLASH            0x0000000008000000 0x000000000001fc00 xr
RAM              0x0000000020000000 0x0000000000005000 xrw
*default*        0x0000000000000000 0xffffffffffffffff

Linker script and memory map

LOAD /usr/local/Cellar/gcc-arm-none-eabi/20180627/bin/../lib/gcc/arm-none-eabi/7.3.1/thumb/v7-m/crti.o
LOAD /usr/local/Cellar/gcc-arm-none-eabi/20180627/bin/../lib/gcc/arm-none-eabi/7.3.1/thumb/v7-m/crtbegin.o
LOAD /usr/local/Cellar/gcc-arm-none-eabi/20180627/bin/../lib/gcc/arm-none-eabi/7.3.1/../../../../arm-none-eabi/lib/thumb/v7-m/crt0.o
LOAD obj/app.o
LOAD obj/assert.o
LOAD obj/constManager.o
LOAD obj/deviceDefinition.o
LOAD obj/msp.o
LOAD obj/stm32f1xx_it.o
LOAD obj/system_stm32f1xx.o
LOAD obj/trapezoid_ctrl.o
LOAD obj/stm32f1xx_hal.o
LOAD obj/stm32f1xx_hal_adc.o
LOAD obj/stm32f1xx_hal_adc_ex.o
LOAD obj/stm32f1xx_hal_can.o
LOAD obj/stm32f1xx_hal_cec.o
LOAD obj/stm32f1xx_hal_cortex.o
LOAD obj/stm32f1xx_hal_crc.o
LOAD obj/stm32f1xx_hal_dac.o
LOAD obj/stm32f1xx_hal_dac_ex.o
LOAD obj/stm32f1xx_hal_dma.o
LOAD obj/stm32f1xx_hal_eth.o
LOAD obj/stm32f1xx_hal_flash.o
LOAD obj/stm32f1xx_hal_flash_ex.o
LOAD obj/stm32f1xx_hal_gpio.o
LOAD obj/stm32f1xx_hal_gpio_ex.o
LOAD obj/stm32f1xx_hal_hcd.o
LOAD obj/stm32f1xx_hal_i2c.o
LOAD obj/stm32f1xx_hal_i2s.o
LOAD obj/stm32f1xx_hal_irda.o
LOAD obj/stm32f1xx_hal_iwdg.o
LOAD obj/stm32f1xx_hal_nand.o
LOAD obj/stm32f1xx_hal_nor.o
LOAD obj/stm32f1xx_hal_pccard.o
LOAD obj/stm32f1xx_hal_pcd.o
LOAD obj/stm32f1xx_hal_pcd_ex.o
LOAD obj/stm32f1xx_hal_pwr.o
LOAD obj/stm32f1xx_hal_rcc.o
LOAD obj/stm32f1xx_hal_rcc_ex.o
LOAD obj/stm32f1xx_hal_rtc.o
LOAD obj/stm32f1xx_hal_rtc_ex.o
LOAD obj/stm32f1xx_hal_sd.o
LOAD obj/stm32f1xx_hal_smartcard.o
LOAD obj/stm32f1xx_hal_spi.o
LOAD obj/stm32f1xx_hal_spi_ex.o
LOAD obj/stm32f1xx_hal_sram.o
LOAD obj/stm32f1xx_hal_tim.o
LOAD obj/stm32f1xx_hal_tim_ex.o
LOAD obj/stm32f1xx_hal_uart.o
LOAD obj/stm32f1xx_hal_usart.o
LOAD obj/stm32f1xx_hal_wwdg.o
LOAD obj/stm32f1xx_ll_fsmc.o
LOAD obj/stm32f1xx_ll_sdmmc.o
LOAD obj/stm32f1xx_ll_usb.o
LOAD obj/MW_ENCODER.o
LOAD obj/MW_GPIO.o
LOAD obj/MW_I2C.o
LOAD obj/MW_IWDG.o
LOAD obj/MW_TIM.o
LOAD obj/MW_USART.o
LOAD obj/MW_flash.o
LOAD obj/message.o
LOAD obj/xprintf.o
LOAD obj/DD_AB.o
LOAD obj/DD_ENCODER.o
LOAD obj/DD_Gene.o
LOAD obj/DD_LD.o
LOAD obj/DD_MD.o
LOAD obj/DD_RC.o
LOAD obj/DD_SS.o
LOAD obj/DD_SV.o
LOAD obj/SystemTaskManager.o
LOAD obj/startup.o
START GROUP
LOAD /usr/local/Cellar/gcc-arm-none-eabi/20180627/bin/../lib/gcc/arm-none-eabi/7.3.1/thumb/v7-m/libgcc.a
LOAD /usr/local/Cellar/gcc-arm-none-eabi/20180627/bin/../lib/gcc/arm-none-eabi/7.3.1/../../../../arm-none-eabi/lib/thumb/v7-m/libm.a
END GROUP
START GROUP
LOAD /usr/local/Cellar/gcc-arm-none-eabi/20180627/bin/../lib/gcc/arm-none-eabi/7.3.1/thumb/v7-m/libgcc.a
LOAD /usr/local/Cellar/gcc-arm-none-eabi/20180627/bin/../lib/gcc/arm-none-eabi/7.3.1/../../../../arm-none-eabi/lib/thumb/v7-m/libc_nano.a
END GROUP
START GROUP
LOAD /usr/local/Cellar/gcc-arm-none-eabi/20180627/bin/../lib/gcc/arm-none-eabi/7.3.1/thumb/v7-m/libgcc.a
LOAD /usr/local/Cellar/gcc-arm-none-eabi/20180627/bin/../lib/gcc/arm-none-eabi/7.3.1/../../../../arm-none-eabi/lib/thumb/v7-m/libc_nano.a
END GROUP
LOAD /usr/local/Cellar/gcc-arm-none-eabi/20180627/bin/../lib/gcc/arm-none-eabi/7.3.1/thumb/v7-m/crtend.o
LOAD /usr/local/Cellar/gcc-arm-none-eabi/20180627/bin/../lib/gcc/arm-none-eabi/7.3.1/thumb/v7-m/crtn.o
                0x0000000020005000                _estack = 0x20005000
                0x0000000000000200                _Min_Heap_Size = 0x200
                0x0000000000000400                _Min_Stack_Size = 0x400

.isr_vector     0x0000000008000000      0x10c
                0x0000000008000000                . = ALIGN (0x4)
 *(.isr_vector)
 .isr_vector    0x0000000008000000      0x10c obj/startup.o
                0x0000000008000000                g_pfnVectors
                0x000000000800010c                . = ALIGN (0x4)

.text           0x0000000008000110     0x52a8
                0x0000000008000110                . = ALIGN (0x4)
 *(.text)
 .text          0x0000000008000110       0x40 /usr/local/Cellar/gcc-arm-none-eabi/20180627/bin/../lib/gcc/arm-none-eabi/7.3.1/thumb/v7-m/crtbegin.o
 .text          0x0000000008000150      0x378 /usr/local/Cellar/gcc-arm-none-eabi/20180627/bin/../lib/gcc/arm-none-eabi/7.3.1/thumb/v7-m/libgcc.a(_arm_addsubdf3.o)
                0x0000000008000150                __aeabi_drsub
                0x0000000008000158                __subdf3
                0x0000000008000158                __aeabi_dsub
                0x000000000800015c                __aeabi_dadd
                0x000000000800015c                __adddf3
                0x00000000080003d4                __aeabi_ui2d
                0x00000000080003d4                __floatunsidf
                0x00000000080003f4                __floatsidf
                0x00000000080003f4                __aeabi_i2d
                0x0000000008000418                __extendsfdf2
                0x0000000008000418                __aeabi_f2d
                0x000000000800045c                __aeabi_ul2d
                0x000000000800045c                __floatundidf
                0x000000000800046c                __aeabi_l2d
                0x000000000800046c                __floatdidf
 .text          0x00000000080004c8      0x424 /usr/local/Cellar/gcc-arm-none-eabi/20180627/bin/../lib/gcc/arm-none-eabi/7.3.1/thumb/v7-m/libgcc.a(_arm_muldivdf3.o)
                0x00000000080004c8                __aeabi_dmul
                0x00000000080004c8                __muldf3
                0x000000000800071c                __aeabi_ddiv
                0x000000000800071c                __divdf3
 .text          0x00000000080008ec       0x50 /usr/local/Cellar/gcc-arm-none-eabi/20180627/bin/../lib/gcc/arm-none-eabi/7.3.1/thumb/v7-m/libgcc.a(_arm_fixdfsi.o)
                0x00000000080008ec                __fixdfsi
                0x00000000080008ec                __aeabi_d2iz
 *(.text*)
 .text.appInit  0x000000000800093c        0xa obj/app.o
                0x000000000800093c                appInit
 *fill*         0x0000000008000946        0x2 
 .text.appTask  0x0000000008000948      0x174 obj/app.o
                0x0000000008000948                appTask
 .text.assert_failed
                0x0000000008000abc        0x2 obj/assert.o
                0x0000000008000abc                assert_failed
 *fill*         0x0000000008000abe        0x2 
 .text.reloadDefault
                0x0000000008000ac0       0x18 obj/constManager.o
 .text.load     0x0000000008000ad8       0x40 obj/constManager.o
 .text.ad_init  0x0000000008000b18        0xc obj/constManager.o
                0x0000000008000b18                ad_init
 .text.HAL_MspInit
                0x0000000008000b24       0x7c obj/msp.o
                0x0000000008000b24                HAL_MspInit
 .text.HAL_I2C_MspInit
                0x0000000008000ba0      0x1a4 obj/msp.o
                0x0000000008000ba0                HAL_I2C_MspInit
 .text.HAL_TIM_Encoder_MspInit
                0x0000000008000d44       0x8c obj/msp.o
                0x0000000008000d44                HAL_TIM_Encoder_MspInit
 .text.HAL_UART_MspInit
                0x0000000008000dd0      0x1fc obj/msp.o
                0x0000000008000dd0                HAL_UART_MspInit
 .text.NMI_Handler
                0x0000000008000fcc        0x2 obj/stm32f1xx_it.o
                0x0000000008000fcc                NMI_Handler
 .text.HardFault_Handler
                0x0000000008000fce        0x2 obj/stm32f1xx_it.o
                0x0000000008000fce                HardFault_Handler
 .text.MemManage_Handler
                0x0000000008000fd0        0x2 obj/stm32f1xx_it.o
                0x0000000008000fd0                MemManage_Handler
 .text.BusFault_Handler
                0x0000000008000fd2        0x2 obj/stm32f1xx_it.o
                0x0000000008000fd2                BusFault_Handler
 .text.UsageFault_Handler
                0x0000000008000fd4        0x2 obj/stm32f1xx_it.o
                0x0000000008000fd4                UsageFault_Handler
 .text.SVC_Handler
                0x0000000008000fd6        0x2 obj/stm32f1xx_it.o
                0x0000000008000fd6                SVC_Handler
 .text.DebugMon_Handler
                0x0000000008000fd8        0x2 obj/stm32f1xx_it.o
                0x0000000008000fd8                DebugMon_Handler
 .text.PendSV_Handler
                0x0000000008000fda        0x2 obj/stm32f1xx_it.o
                0x0000000008000fda                PendSV_Handler
 .text.SysTick_Handler
                0x0000000008000fdc       0x18 obj/stm32f1xx_it.o
                0x0000000008000fdc                SysTick_Handler
 .text.DMA1_Channel7_IRQHandler
                0x0000000008000ff4       0x10 obj/stm32f1xx_it.o
                0x0000000008000ff4                DMA1_Channel7_IRQHandler
 .text.DMA1_Channel3_IRQHandler
                0x0000000008001004       0x10 obj/stm32f1xx_it.o
                0x0000000008001004                DMA1_Channel3_IRQHandler
 .text.USART3_IRQHandler
                0x0000000008001014       0x10 obj/stm32f1xx_it.o
                0x0000000008001014                USART3_IRQHandler
 .text.USART2_IRQHandler
                0x0000000008001024       0x10 obj/stm32f1xx_it.o
                0x0000000008001024                USART2_IRQHandler
 .text.DMA1_Channel4_IRQHandler
                0x0000000008001034       0x10 obj/stm32f1xx_it.o
                0x0000000008001034                DMA1_Channel4_IRQHandler
 .text.DMA1_Channel5_IRQHandler
                0x0000000008001044       0x10 obj/stm32f1xx_it.o
                0x0000000008001044                DMA1_Channel5_IRQHandler
 .text.SystemInit
                0x0000000008001054       0x4c obj/system_stm32f1xx.o
                0x0000000008001054                SystemInit
 .text.HAL_InitTick
                0x00000000080010a0       0x28 obj/stm32f1xx_hal.o
                0x00000000080010a0                HAL_InitTick
 .text.HAL_Init
                0x00000000080010c8       0x24 obj/stm32f1xx_hal.o
                0x00000000080010c8                HAL_Init
 .text.HAL_IncTick
                0x00000000080010ec       0x10 obj/stm32f1xx_hal.o
                0x00000000080010ec                HAL_IncTick
 .text.HAL_GetTick
                0x00000000080010fc        0xc obj/stm32f1xx_hal.o
                0x00000000080010fc                HAL_GetTick
 .text.HAL_Delay
                0x0000000008001108       0x1c obj/stm32f1xx_hal.o
                0x0000000008001108                HAL_Delay
 .text.HAL_NVIC_SetPriorityGrouping
                0x0000000008001124       0x3c obj/stm32f1xx_hal_cortex.o
                0x0000000008001124                HAL_NVIC_SetPriorityGrouping
 .text.HAL_NVIC_SetPriority
                0x0000000008001160       0x8c obj/stm32f1xx_hal_cortex.o
                0x0000000008001160                HAL_NVIC_SetPriority
 .text.HAL_NVIC_EnableIRQ
                0x00000000080011ec       0x2c obj/stm32f1xx_hal_cortex.o
                0x00000000080011ec                HAL_NVIC_EnableIRQ
 .text.HAL_SYSTICK_Config
                0x0000000008001218       0x2c obj/stm32f1xx_hal_cortex.o
                0x0000000008001218                HAL_SYSTICK_Config
 .text.HAL_SYSTICK_CLKSourceConfig
                0x0000000008001244       0x3c obj/stm32f1xx_hal_cortex.o
                0x0000000008001244                HAL_SYSTICK_CLKSourceConfig
 .text.HAL_SYSTICK_Callback
                0x0000000008001280        0x2 obj/stm32f1xx_hal_cortex.o
                0x0000000008001280                HAL_SYSTICK_Callback
 .text.HAL_SYSTICK_IRQHandler
                0x0000000008001282        0x8 obj/stm32f1xx_hal_cortex.o
                0x0000000008001282                HAL_SYSTICK_IRQHandler
 .text.DMA_SetConfig
                0x000000000800128a       0x22 obj/stm32f1xx_hal_dma.o
 .text.HAL_DMA_Init
                0x00000000080012ac      0x138 obj/stm32f1xx_hal_dma.o
                0x00000000080012ac                HAL_DMA_Init
 .text.HAL_DMA_Start_IT
                0x00000000080013e4       0x80 obj/stm32f1xx_hal_dma.o
                0x00000000080013e4                HAL_DMA_Start_IT
 .text.HAL_DMA_IRQHandler
                0x0000000008001464      0x270 obj/stm32f1xx_hal_dma.o
                0x0000000008001464                HAL_DMA_IRQHandler
 .text.HAL_GPIO_Init
                0x00000000080016d4      0x318 obj/stm32f1xx_hal_gpio.o
                0x00000000080016d4                HAL_GPIO_Init
 .text.HAL_GPIO_WritePin
                0x00000000080019ec       0x38 obj/stm32f1xx_hal_gpio.o
                0x00000000080019ec                HAL_GPIO_WritePin
 .text.I2C_Configure_Speed
                0x0000000008001a24       0x50 obj/stm32f1xx_hal_i2c.o
 .text.I2C_IsAcknowledgeFailed
                0x0000000008001a74       0x2a obj/stm32f1xx_hal_i2c.o
 .text.I2C_WaitOnFlagUntilTimeout
                0x0000000008001a9e       0xc0 obj/stm32f1xx_hal_i2c.o
 .text.I2C_WaitOnMasterAddressFlagUntilTimeout
                0x0000000008001b5e       0x92 obj/stm32f1xx_hal_i2c.o
 .text.I2C_MasterRequestWrite
                0x0000000008001bf0       0x8c obj/stm32f1xx_hal_i2c.o
 .text.I2C_MasterRequestRead
                0x0000000008001c7c       0xe8 obj/stm32f1xx_hal_i2c.o
 .text.I2C_WaitOnTXEFlagUntilTimeout
                0x0000000008001d64       0x50 obj/stm32f1xx_hal_i2c.o
 .text.I2C_WaitOnBTFFlagUntilTimeout
                0x0000000008001db4       0x50 obj/stm32f1xx_hal_i2c.o
 .text.HAL_I2C_Init
                0x0000000008001e04      0x188 obj/stm32f1xx_hal_i2c.o
                0x0000000008001e04                HAL_I2C_Init
 .text.HAL_I2C_Master_Transmit
                0x0000000008001f8c      0x130 obj/stm32f1xx_hal_i2c.o
                0x0000000008001f8c                HAL_I2C_Master_Transmit
 .text.HAL_I2C_Master_Transmit_DMA
                0x00000000080020bc       0xe0 obj/stm32f1xx_hal_i2c.o
                0x00000000080020bc                HAL_I2C_Master_Transmit_DMA
 .text.HAL_I2C_Master_Receive_DMA
                0x000000000800219c       0xf8 obj/stm32f1xx_hal_i2c.o
                0x000000000800219c                HAL_I2C_Master_Receive_DMA
 .text.HAL_I2C_ErrorCallback
                0x0000000008002294        0x2 obj/stm32f1xx_hal_i2c.o
                0x0000000008002294                HAL_I2C_ErrorCallback
 .text.I2C_DMAError
                0x0000000008002296       0x2a obj/stm32f1xx_hal_i2c.o
 .text.I2C_DMAMasterTransmitCplt
                0x00000000080022c0       0x54 obj/stm32f1xx_hal_i2c.o
 .text.I2C_DMAMasterReceiveCplt
                0x0000000008002314       0x4a obj/stm32f1xx_hal_i2c.o
 .text.HAL_IWDG_MspInit
                0x000000000800235e        0x2 obj/stm32f1xx_hal_iwdg.o
                0x000000000800235e                HAL_IWDG_MspInit
 .text.HAL_IWDG_Init
                0x0000000008002360       0xa0 obj/stm32f1xx_hal_iwdg.o
                0x0000000008002360                HAL_IWDG_Init
 .text.HAL_IWDG_Start
                0x0000000008002400       0x2a obj/stm32f1xx_hal_iwdg.o
                0x0000000008002400                HAL_IWDG_Start
 .text.HAL_IWDG_Refresh
                0x000000000800242a       0x4c obj/stm32f1xx_hal_iwdg.o
                0x000000000800242a                HAL_IWDG_Refresh
 *fill*         0x0000000008002476        0x2 
 .text.HAL_RCC_OscConfig
                0x0000000008002478      0x728 obj/stm32f1xx_hal_rcc.o
                0x0000000008002478                HAL_RCC_OscConfig
 .text.HAL_RCC_GetSysClockFreq
                0x0000000008002ba0       0x8c obj/stm32f1xx_hal_rcc.o
                0x0000000008002ba0                HAL_RCC_GetSysClockFreq
 .text.HAL_RCC_ClockConfig
                0x0000000008002c2c      0x2a0 obj/stm32f1xx_hal_rcc.o
                0x0000000008002c2c                HAL_RCC_ClockConfig
 .text.HAL_RCC_GetHCLKFreq
                0x0000000008002ecc        0xc obj/stm32f1xx_hal_rcc.o
                0x0000000008002ecc                HAL_RCC_GetHCLKFreq
 .text.HAL_RCC_GetPCLK1Freq
                0x0000000008002ed8       0x2c obj/stm32f1xx_hal_rcc.o
                0x0000000008002ed8                HAL_RCC_GetPCLK1Freq
 .text.HAL_RCC_GetPCLK2Freq
                0x0000000008002f04       0x2c obj/stm32f1xx_hal_rcc.o
                0x0000000008002f04                HAL_RCC_GetPCLK2Freq
 .text.HAL_RCCEx_PeriphCLKConfig
                0x0000000008002f30      0x1a4 obj/stm32f1xx_hal_rcc_ex.o
                0x0000000008002f30                HAL_RCCEx_PeriphCLKConfig
 .text.HAL_TIM_Base_Start
                0x00000000080030d4       0x50 obj/stm32f1xx_hal_tim.o
                0x00000000080030d4                HAL_TIM_Base_Start
 .text.HAL_TIM_PeriodElapsedCallback
                0x0000000008003124        0x2 obj/stm32f1xx_hal_tim.o
                0x0000000008003124                HAL_TIM_PeriodElapsedCallback
 .text.HAL_TIM_OC_DelayElapsedCallback
                0x0000000008003126        0x2 obj/stm32f1xx_hal_tim.o
                0x0000000008003126                HAL_TIM_OC_DelayElapsedCallback
 .text.HAL_TIM_IC_CaptureCallback
                0x0000000008003128        0x2 obj/stm32f1xx_hal_tim.o
                0x0000000008003128                HAL_TIM_IC_CaptureCallback
 .text.HAL_TIM_PWM_PulseFinishedCallback
                0x000000000800312a        0x2 obj/stm32f1xx_hal_tim.o
                0x000000000800312a                HAL_TIM_PWM_PulseFinishedCallback
 .text.HAL_TIM_TriggerCallback
                0x000000000800312c        0x2 obj/stm32f1xx_hal_tim.o
                0x000000000800312c                HAL_TIM_TriggerCallback
 .text.HAL_TIM_IRQHandler
                0x000000000800312e      0x17a obj/stm32f1xx_hal_tim.o
                0x000000000800312e                HAL_TIM_IRQHandler
 .text.TIM_Base_SetConfig
                0x00000000080032a8       0x6c obj/stm32f1xx_hal_tim.o
                0x00000000080032a8                TIM_Base_SetConfig
 .text.HAL_TIM_Encoder_Init
                0x0000000008003314      0x194 obj/stm32f1xx_hal_tim.o
                0x0000000008003314                HAL_TIM_Encoder_Init
 .text.HAL_TIMEx_MasterConfigSynchronization
                0x00000000080034a8       0xc4 obj/stm32f1xx_hal_tim_ex.o
                0x00000000080034a8                HAL_TIMEx_MasterConfigSynchronization
 .text.HAL_TIMEx_CommutationCallback
                0x000000000800356c        0x2 obj/stm32f1xx_hal_tim_ex.o
                0x000000000800356c                HAL_TIMEx_CommutationCallback
 .text.HAL_TIMEx_BreakCallback
                0x000000000800356e        0x2 obj/stm32f1xx_hal_tim_ex.o
                0x000000000800356e                HAL_TIMEx_BreakCallback
 .text.UART_Transmit_IT
                0x0000000008003570       0x6c obj/stm32f1xx_hal_uart.o
 .text.UART_SetConfig
                0x00000000080035dc      0x214 obj/stm32f1xx_hal_uart.o
 .text.HAL_UART_Init
                0x00000000080037f0       0xf8 obj/stm32f1xx_hal_uart.o
                0x00000000080037f0                HAL_UART_Init
 .text.HAL_UART_Transmit_DMA
                0x00000000080038e8       0xa0 obj/stm32f1xx_hal_uart.o
                0x00000000080038e8                HAL_UART_Transmit_DMA
 .text.HAL_UART_Receive_DMA
                0x0000000008003988       0x98 obj/stm32f1xx_hal_uart.o
                0x0000000008003988                HAL_UART_Receive_DMA
 .text.UART_DMATransmitCplt
                0x0000000008003a20       0x30 obj/stm32f1xx_hal_uart.o
 .text.UART_EndTransmit_IT
                0x0000000008003a50       0x2c obj/stm32f1xx_hal_uart.o
 .text.HAL_UART_TxHalfCpltCallback
                0x0000000008003a7c        0x2 obj/stm32f1xx_hal_uart.o
                0x0000000008003a7c                HAL_UART_TxHalfCpltCallback
 .text.UART_DMATxHalfCplt
                0x0000000008003a7e        0xa obj/stm32f1xx_hal_uart.o
 .text.UART_DMAReceiveCplt
                0x0000000008003a88       0x3c obj/stm32f1xx_hal_uart.o
 .text.UART_Receive_IT
                0x0000000008003ac4       0xb6 obj/stm32f1xx_hal_uart.o
 .text.HAL_UART_RxHalfCpltCallback
                0x0000000008003b7a        0x2 obj/stm32f1xx_hal_uart.o
                0x0000000008003b7a                HAL_UART_RxHalfCpltCallback
 .text.UART_DMARxHalfCplt
                0x0000000008003b7c        0xa obj/stm32f1xx_hal_uart.o
 .text.HAL_UART_ErrorCallback
                0x0000000008003b86        0x2 obj/stm32f1xx_hal_uart.o
                0x0000000008003b86                HAL_UART_ErrorCallback
 .text.UART_DMAError
                0x0000000008003b88       0x1e obj/stm32f1xx_hal_uart.o
 .text.HAL_UART_IRQHandler
                0x0000000008003ba6       0xca obj/stm32f1xx_hal_uart.o
                0x0000000008003ba6                HAL_UART_IRQHandler
 .text.MW_EncoderInit
                0x0000000008003c70       0x70 obj/MW_ENCODER.o
                0x0000000008003c70                MW_EncoderInit
 .text.MW_GetEncoderVal
                0x0000000008003ce0       0x28 obj/MW_ENCODER.o
                0x0000000008003ce0                MW_GetEncoderVal
 .text.MW_WriteEncoderVal
                0x0000000008003d08       0x28 obj/MW_ENCODER.o
                0x0000000008003d08                MW_WriteEncoderVal
 .text.MW_SetGPIOPin
                0x0000000008003d30        0xc obj/MW_GPIO.o
                0x0000000008003d30                MW_SetGPIOPin
 .text.MW_SetGPIOMode
                0x0000000008003d3c        0xc obj/MW_GPIO.o
                0x0000000008003d3c                MW_SetGPIOMode
 .text.MW_SetGPIOPull
                0x0000000008003d48        0xc obj/MW_GPIO.o
                0x0000000008003d48                MW_SetGPIOPull
 .text.MW_SetGPIOSpeed
                0x0000000008003d54        0xc obj/MW_GPIO.o
                0x0000000008003d54                MW_SetGPIOSpeed
 .text.MW_GPIOInit
                0x0000000008003d60       0x2c obj/MW_GPIO.o
                0x0000000008003d60                MW_GPIOInit
 .text.MW_GPIOWrite
                0x0000000008003d8c       0x30 obj/MW_GPIO.o
                0x0000000008003d8c                MW_GPIOWrite
 .text.MW_SetI2CClockSpeed
                0x0000000008003dbc       0x24 obj/MW_I2C.o
                0x0000000008003dbc                MW_SetI2CClockSpeed
 .text.MW_I2CInit
                0x0000000008003de0       0x1c obj/MW_I2C.o
                0x0000000008003de0                MW_I2CInit
 .text.MW_I2C1Transmit
                0x0000000008003dfc       0x28 obj/MW_I2C.o
                0x0000000008003dfc                MW_I2C1Transmit
 .text.MW_I2C2Transmit
                0x0000000008003e24       0x30 obj/MW_I2C.o
                0x0000000008003e24                MW_I2C2Transmit
 .text.MW_I2C2Receive
                0x0000000008003e54       0x30 obj/MW_I2C.o
                0x0000000008003e54                MW_I2C2Receive
 .text.MW_I2C2TransitionCompletedCallBack
                0x0000000008003e84        0xc obj/MW_I2C.o
                0x0000000008003e84                MW_I2C2TransitionCompletedCallBack
 .text.MW_I2C2ReceptionCompletedCallBack
                0x0000000008003e90        0xc obj/MW_I2C.o
                0x0000000008003e90                MW_I2C2ReceptionCompletedCallBack
 .text.MW_SetIWDGPrescaler
                0x0000000008003e9c        0xc obj/MW_IWDG.o
                0x0000000008003e9c                MW_SetIWDGPrescaler
 .text.MW_SetIWDGReload
                0x0000000008003ea8        0xc obj/MW_IWDG.o
                0x0000000008003ea8                MW_SetIWDGReload
 .text.MW_IWDGInit
                0x0000000008003eb4       0x1c obj/MW_IWDG.o
                0x0000000008003eb4                MW_IWDGInit
 .text.MW_IWDGClr
                0x0000000008003ed0       0x10 obj/MW_IWDG.o
                0x0000000008003ed0                MW_IWDGClr
 .text.TIM1_UP_IRQHandler
                0x0000000008003ee0       0x10 obj/MW_TIM.o
                0x0000000008003ee0                TIM1_UP_IRQHandler
 .text.TIM2_IRQHandler
                0x0000000008003ef0       0x10 obj/MW_TIM.o
                0x0000000008003ef0                TIM2_IRQHandler
 .text.MW_USARTSetBaudRate
                0x0000000008003f00       0x28 obj/MW_USART.o
                0x0000000008003f00                MW_USARTSetBaudRate
 .text.MW_USARTInit
                0x0000000008003f28       0x1c obj/MW_USART.o
                0x0000000008003f28                MW_USARTInit
 .text.MW_USART2Transmit
                0x0000000008003f44       0x1c obj/MW_USART.o
                0x0000000008003f44                MW_USART2Transmit
 .text.MW_USART3ReceiveMult
                0x0000000008003f60       0x1c obj/MW_USART.o
                0x0000000008003f60                MW_USART3ReceiveMult
 .text._xprintf
                0x0000000008003f7c       0x1c obj/message.o
 .text.MW_waitForMessageTransitionComplete
                0x0000000008003f98       0x3c obj/message.o
                0x0000000008003f98                MW_waitForMessageTransitionComplete
 .text.flush    0x0000000008003fd4       0x40 obj/message.o
                0x0000000008003fd4                flush
 .text.MW_printf
                0x0000000008004014       0x44 obj/message.o
                0x0000000008004014                MW_printf
 .text._msg     0x0000000008004058       0x4c obj/message.o
                0x0000000008004058                _msg
 .text.MW_messageTransitionCompletedCallBack
                0x00000000080040a4        0xc obj/message.o
                0x00000000080040a4                MW_messageTransitionCompletedCallBack
 .text.xputc    0x00000000080040b0       0x38 obj/xprintf.o
                0x00000000080040b0                xputc
 .text.xputs    0x00000000080040e8       0x14 obj/xprintf.o
                0x00000000080040e8                xputs
 .text.xvprintf
                0x00000000080040fc      0x1fa obj/xprintf.o
                0x00000000080040fc                xvprintf
 .text.DD_send2AB
                0x00000000080042f6       0x20 obj/DD_AB.o
                0x00000000080042f6                DD_send2AB
 *fill*         0x0000000008004316        0x2 
 .text.DD_ABHandPrint
                0x0000000008004318       0x14 obj/DD_AB.o
                0x0000000008004318                DD_ABHandPrint
 .text.DD_InitEncoder1
                0x000000000800432c        0xa obj/DD_ENCODER.o
                0x000000000800432c                DD_InitEncoder1
 .text.DD_InitEncoder2
                0x0000000008004336        0xa obj/DD_ENCODER.o
                0x0000000008004336                DD_InitEncoder2
 .text.DD_encoder1update
                0x0000000008004340       0x20 obj/DD_ENCODER.o
                0x0000000008004340                DD_encoder1update
 .text.DD_encoder2update
                0x0000000008004360       0x20 obj/DD_ENCODER.o
                0x0000000008004360                DD_encoder2update
 .text.DD_encoder1Get_int32
                0x0000000008004380        0xc obj/DD_ENCODER.o
                0x0000000008004380                DD_encoder1Get_int32
 .text.DD_encoder1reset
                0x000000000800438c        0xc obj/DD_ENCODER.o
                0x000000000800438c                DD_encoder1reset
 .text.DD_encoderprint
                0x0000000008004398       0x20 obj/DD_ENCODER.o
                0x0000000008004398                DD_encoderprint
 .text.DD_I2C1Send
                0x00000000080043b8       0x3c obj/DD_Gene.o
                0x00000000080043b8                DD_I2C1Send
 .text.DD_I2C2Send
                0x00000000080043f4       0x5c obj/DD_Gene.o
                0x00000000080043f4                DD_I2C2Send
 .text.DD_I2C2Receive
                0x0000000008004450       0x5c obj/DD_Gene.o
                0x0000000008004450                DD_I2C2Receive
 .text.DD_doTasks
                0x00000000080044ac       0x88 obj/DD_Gene.o
                0x00000000080044ac                DD_doTasks
 .text.DD_print
                0x0000000008004534       0x5c obj/DD_Gene.o
                0x0000000008004534                DD_print
 .text.DD_initialize
                0x0000000008004590       0x94 obj/DD_Gene.o
                0x0000000008004590                DD_initialize
 .text.DD_send2MD
                0x0000000008004624       0x58 obj/DD_MD.o
                0x0000000008004624                DD_send2MD
 .text.DD_MDHandPrint
                0x000000000800467c       0x5c obj/DD_MD.o
                0x000000000800467c                DD_MDHandPrint
 .text.DD_RCInit
                0x00000000080046d8       0x88 obj/DD_RC.o
                0x00000000080046d8                DD_RCInit
 .text.DD_RC_element
                0x0000000008004760       0x6c obj/DD_RC.o
                0x0000000008004760                DD_RC_element
 .text.DD_RCTask
                0x00000000080047cc       0x48 obj/DD_RC.o
                0x00000000080047cc                DD_RCTask
 .text.DD_RCGetLX
                0x0000000008004814       0x22 obj/DD_RC.o
                0x0000000008004814                DD_RCGetLX
 .text.DD_RCGetLY
                0x0000000008004836       0x22 obj/DD_RC.o
                0x0000000008004836                DD_RCGetLY
 .text.DD_RCGetRX
                0x0000000008004858       0x22 obj/DD_RC.o
                0x0000000008004858                DD_RCGetRX
 .text.DD_RCGetRY
                0x000000000800487a       0x22 obj/DD_RC.o
                0x000000000800487a                DD_RCGetRY
 .text.DD_RCPrint
                0x000000000800489c      0x2a8 obj/DD_RC.o
                0x000000000800489c                DD_RCPrint
 .text.DD_SSHandPrint
                0x0000000008004b44       0xe8 obj/DD_SS.o
                0x0000000008004b44                DD_SSHandPrint
 .text.SS_Init  0x0000000008004c2c        0x4 obj/DD_SS.o
                0x0000000008004c2c                SS_Init
 .text.DD_SSPutReceiveRequest
                0x0000000008004c30       0x3c obj/DD_SS.o
                0x0000000008004c30                DD_SSPutReceiveRequest
 .text.DD_SSPullReceiveRequest
                0x0000000008004c6c       0x38 obj/DD_SS.o
                0x0000000008004c6c                DD_SSPullReceiveRequest
 .text.Empty_Check
                0x0000000008004ca4       0x20 obj/DD_SS.o
                0x0000000008004ca4                Empty_Check
 .text.Read_ENCODER
                0x0000000008004cc4       0x12 obj/DD_SS.o
                0x0000000008004cc4                Read_ENCODER
 .text.Read_SRF02
                0x0000000008004cd6       0x12 obj/DD_SS.o
                0x0000000008004cd6                Read_SRF02
 .text.Read_GP2Y0A710K
                0x0000000008004ce8       0x12 obj/DD_SS.o
                0x0000000008004ce8                Read_GP2Y0A710K
 .text.Read_BMX055
                0x0000000008004cfa       0x12 obj/DD_SS.o
                0x0000000008004cfa                Read_BMX055
 .text.Write_BMX055
                0x0000000008004d0c       0x12 obj/DD_SS.o
                0x0000000008004d0c                Write_BMX055
 .text.Read_PHOTOARRAY
                0x0000000008004d1e       0x12 obj/DD_SS.o
                0x0000000008004d1e                Read_PHOTOARRAY
 .text.DD_receive2SS
                0x0000000008004d30      0x138 obj/DD_SS.o
                0x0000000008004d30                DD_receive2SS
 .text.SY_I2CConnTest
                0x0000000008004e68        0x4 obj/SystemTaskManager.o
 .text.SY_clockInit
                0x0000000008004e6c       0xcc obj/SystemTaskManager.o
 .text.SY_GPIOInit
                0x0000000008004f38       0x94 obj/SystemTaskManager.o
 .text.SY_init  0x0000000008004fcc       0xd8 obj/SystemTaskManager.o
 .text.SY_doAppTasks
                0x00000000080050a4        0x8 obj/SystemTaskManager.o
 .text.SY_doDevDriverTasks
                0x00000000080050ac        0x8 obj/SystemTaskManager.o
 .text.main     0x00000000080050b4      0x1b8 obj/SystemTaskManager.o
                0x00000000080050b4                main
 .text.SY_wait  0x000000000800526c       0x2c obj/SystemTaskManager.o
                0x000000000800526c                SY_wait
 .text.HAL_UART_RxCpltCallback
                0x0000000008005298       0x3c obj/SystemTaskManager.o
                0x0000000008005298                HAL_UART_RxCpltCallback
 .text.HAL_UART_TxCpltCallback
                0x00000000080052d4        0x8 obj/SystemTaskManager.o
                0x00000000080052d4                HAL_UART_TxCpltCallback
 .text.HAL_I2C_MasterTxCpltCallback
                0x00000000080052dc        0xc obj/SystemTaskManager.o
                0x00000000080052dc                HAL_I2C_MasterTxCpltCallback
 .text.HAL_I2C_MasterRxCpltCallback
                0x00000000080052e8        0xc obj/SystemTaskManager.o
                0x00000000080052e8                HAL_I2C_MasterRxCpltCallback
 .text.Reset_Handler
                0x00000000080052f4       0x48 obj/startup.o
                0x00000000080052f4                Reset_Handler
 .text.Default_Handler
                0x000000000800533c        0x2 obj/startup.o
                0x000000000800533c                USBWakeUp_IRQHandler
                0x000000000800533c                EXTI2_IRQHandler
                0x000000000800533c                TIM1_CC_IRQHandler
                0x000000000800533c                PVD_IRQHandler
                0x000000000800533c                EXTI3_IRQHandler
                0x000000000800533c                EXTI0_IRQHandler
                0x000000000800533c                I2C2_EV_IRQHandler
                0x000000000800533c                ADC1_2_IRQHandler
                0x000000000800533c                SPI1_IRQHandler
                0x000000000800533c                TAMPER_IRQHandler
                0x000000000800533c                RTC_IRQHandler
                0x000000000800533c                CAN1_RX1_IRQHandler
                0x000000000800533c                TIM4_IRQHandler
                0x000000000800533c                I2C1_EV_IRQHandler
                0x000000000800533c                DMA1_Channel6_IRQHandler
                0x000000000800533c                TIM3_IRQHandler
                0x000000000800533c                RCC_IRQHandler
                0x000000000800533c                TIM1_TRG_COM_IRQHandler
                0x000000000800533c                DMA1_Channel1_IRQHandler
                0x000000000800533c                Default_Handler
                0x000000000800533c                EXTI15_10_IRQHandler
                0x000000000800533c                EXTI9_5_IRQHandler
                0x000000000800533c                SPI2_IRQHandler
                0x000000000800533c                EXTI4_IRQHandler
                0x000000000800533c                USB_LP_CAN1_RX0_IRQHandler
                0x000000000800533c                USB_HP_CAN1_TX_IRQHandler
                0x000000000800533c                WWDG_IRQHandler
                0x000000000800533c                TIM1_BRK_IRQHandler
                0x000000000800533c                EXTI1_IRQHandler
                0x000000000800533c                I2C2_ER_IRQHandler
                0x000000000800533c                DMA1_Channel2_IRQHandler
                0x000000000800533c                CAN1_SCE_IRQHandler
                0x000000000800533c                FLASH_IRQHandler
                0x000000000800533c                USART1_IRQHandler
                0x000000000800533c                I2C1_ER_IRQHandler
                0x000000000800533c                RTC_Alarm_IRQHandler
 *fill*         0x000000000800533e        0x2 
 .text.__libc_init_array
                0x0000000008005340       0x48 /usr/local/Cellar/gcc-arm-none-eabi/20180627/bin/../lib/gcc/arm-none-eabi/7.3.1/../../../../arm-none-eabi/lib/thumb/v7-m/libc_nano.a(lib_a-init.o)
                0x0000000008005340                __libc_init_array
 .text.memcpy   0x0000000008005388       0x16 /usr/local/Cellar/gcc-arm-none-eabi/20180627/bin/../lib/gcc/arm-none-eabi/7.3.1/../../../../arm-none-eabi/lib/thumb/v7-m/libc_nano.a(lib_a-memcpy-stub.o)
                0x0000000008005388                memcpy
 *(.glue_7)
 .glue_7        0x000000000800539e        0x0 linker stubs
 *(.glue_7t)
 .glue_7t       0x000000000800539e        0x0 linker stubs
 *(.eh_frame)
 *fill*         0x000000000800539e        0x2 
 .eh_frame      0x00000000080053a0        0x0 /usr/local/Cellar/gcc-arm-none-eabi/20180627/bin/../lib/gcc/arm-none-eabi/7.3.1/thumb/v7-m/crtbegin.o
 *(.init)
 .init          0x00000000080053a0        0x4 /usr/local/Cellar/gcc-arm-none-eabi/20180627/bin/../lib/gcc/arm-none-eabi/7.3.1/thumb/v7-m/crti.o
                0x00000000080053a0                _init
 .init          0x00000000080053a4        0x8 /usr/local/Cellar/gcc-arm-none-eabi/20180627/bin/../lib/gcc/arm-none-eabi/7.3.1/thumb/v7-m/crtn.o
 *(.fini)
 .fini          0x00000000080053ac        0x4 /usr/local/Cellar/gcc-arm-none-eabi/20180627/bin/../lib/gcc/arm-none-eabi/7.3.1/thumb/v7-m/crti.o
                0x00000000080053ac                _fini
 .fini          0x00000000080053b0        0x8 /usr/local/Cellar/gcc-arm-none-eabi/20180627/bin/../lib/gcc/arm-none-eabi/7.3.1/thumb/v7-m/crtn.o
                0x00000000080053b8                . = ALIGN (0x4)
                0x00000000080053b8                _etext = .

.vfp11_veneer   0x00000000080053b8        0x0
 .vfp11_veneer  0x00000000080053b8        0x0 linker stubs

.v4_bx          0x00000000080053b8        0x0
 .v4_bx         0x00000000080053b8        0x0 linker stubs

.iplt           0x00000000080053b8        0x0
 .iplt          0x00000000080053b8        0x0 /usr/local/Cellar/gcc-arm-none-eabi/20180627/bin/../lib/gcc/arm-none-eabi/7.3.1/thumb/v7-m/crtbegin.o

.rodata         0x00000000080053b8      0x8fc
                0x00000000080053b8                . = ALIGN (0x4)
 *(.rodata)
 .rodata        0x00000000080053b8       0x12 obj/stm32f1xx_hal_rcc.o
 *(.rodata*)
 *fill*         0x00000000080053ca        0x2 
 .rodata.appTask.str1.4
                0x00000000080053cc       0x2c obj/app.o
 .rodata.defaultad
                0x00000000080053f8      0x144 obj/constManager.o
 .rodata.AHBPrescTable
                0x000000000800553c       0x10 obj/system_stm32f1xx.o
                0x000000000800553c                AHBPrescTable
 .rodata.APBPrescTable
                0x000000000800554c        0x8 obj/system_stm32f1xx.o
                0x000000000800554c                APBPrescTable
 .rodata.HAL_NVIC_SetPriorityGrouping.str1.4
                0x0000000008005554       0x38 obj/stm32f1xx_hal_cortex.o
 .rodata.HAL_DMA_Init.str1.4
                0x000000000800558c       0x35 obj/stm32f1xx_hal_dma.o
 *fill*         0x00000000080055c1        0x3 
 .rodata.HAL_GPIO_Init.str1.4
                0x00000000080055c4       0x36 obj/stm32f1xx_hal_gpio.o
 *fill*         0x00000000080055fa        0x2 
 .rodata.HAL_I2C_Init.str1.4
                0x00000000080055fc       0x35 obj/stm32f1xx_hal_i2c.o
 *fill*         0x0000000008005631        0x3 
 .rodata.HAL_IWDG_Init.str1.4
                0x0000000008005634       0x36 obj/stm32f1xx_hal_iwdg.o
 *fill*         0x000000000800566a        0x2 
 .rodata.HAL_RCC_OscConfig.str1.4
                0x000000000800566c       0x35 obj/stm32f1xx_hal_rcc.o
 *fill*         0x00000000080056a1        0x3 
 .rodata.HAL_RCCEx_PeriphCLKConfig.str1.4
                0x00000000080056a4       0x38 obj/stm32f1xx_hal_rcc_ex.o
 .rodata.TIM_OC1_SetConfig.str1.4
                0x00000000080056dc       0x35 obj/stm32f1xx_hal_tim.o
 *fill*         0x0000000008005711        0x3 
 .rodata.HAL_TIMEx_HallSensor_Init.str1.4
                0x0000000008005714       0x38 obj/stm32f1xx_hal_tim_ex.o
 .rodata.UART_SetConfig.str1.4
                0x000000000800574c       0x36 obj/stm32f1xx_hal_uart.o
 *fill*         0x0000000008005782        0x2 
 .rodata.MW_EncoderInit.str1.4
                0x0000000008005784       0x2e obj/MW_ENCODER.o
 *fill*         0x00000000080057b2        0x2 
 .rodata.encoderid
                0x00000000080057b4        0x8 obj/MW_ENCODER.o
 .rodata.MW_GPIOInit.str1.4
                0x00000000080057bc       0x28 obj/MW_GPIO.o
 .rodata.gpioid
                0x00000000080057e4       0x10 obj/MW_GPIO.o
 .rodata.MW_SetI2CClockSpeed.str1.4
                0x00000000080057f4       0x26 obj/MW_I2C.o
 *fill*         0x000000000800581a        0x2 
 .rodata.i2cid  0x000000000800581c        0x8 obj/MW_I2C.o
 .rodata.MW_USARTSetBaudRate.str1.4
                0x0000000008005824       0x29 obj/MW_USART.o
 *fill*         0x000000000800584d        0x3 
 .rodata.uartid
                0x0000000008005850        0xc obj/MW_USART.o
 .rodata._msg.str1.4
                0x000000000800585c       0x10 obj/message.o
                                         0x12 (size before relaxing)
 .rodata.DD_ABHandPrint.str1.4
                0x000000000800586c       0x10 obj/DD_AB.o
 .rodata.DD_encoderprint.str1.4
                0x000000000800587c        0xf obj/DD_ENCODER.o
 *fill*         0x000000000800588b        0x1 
 .rodata.DD_I2C1Send.str1.4
                0x000000000800588c       0x3c obj/DD_Gene.o
 .rodata.DD_I2C2Receive.str1.4
                0x00000000080058c8       0x57 obj/DD_Gene.o
 *fill*         0x000000000800591f        0x1 
 .rodata.DD_I2C2Send.str1.4
                0x0000000008005920       0x5d obj/DD_Gene.o
 *fill*         0x000000000800597d        0x3 
 .rodata.DD_initialize.str1.4
                0x0000000008005980       0x40 obj/DD_Gene.o
 .rodata.__FUNCTION__.8090
                0x00000000080059c0        0xc obj/DD_Gene.o
 .rodata.__FUNCTION__.8097
                0x00000000080059cc        0xc obj/DD_Gene.o
 .rodata.__FUNCTION__.8111
                0x00000000080059d8        0xf obj/DD_Gene.o
 *fill*         0x00000000080059e7        0x1 
 .rodata.__FUNCTION__.8146
                0x00000000080059e8        0xe obj/DD_Gene.o
 *fill*         0x00000000080059f6        0x2 
 .rodata.DD_MDHandPrint.str1.4
                0x00000000080059f8       0x25 obj/DD_MD.o
 *fill*         0x0000000008005a1d        0x3 
 .rodata.DD_send2MD.str1.4
                0x0000000008005a20       0x17 obj/DD_MD.o
                                         0x1c (size before relaxing)
 *fill*         0x0000000008005a37        0x1 
 .rodata.__FUNCTION__.8054
                0x0000000008005a38        0xb obj/DD_MD.o
 *fill*         0x0000000008005a43        0x1 
 .rodata.DD_RCInit.str1.4
                0x0000000008005a44        0x3 obj/DD_RC.o
                                          0xb (size before relaxing)
 *fill*         0x0000000008005a47        0x1 
 .rodata.DD_RCPrint.str1.4
                0x0000000008005a48       0x99 obj/DD_RC.o
                                         0x9d (size before relaxing)
 *fill*         0x0000000008005ae1        0x3 
 .rodata.DD_SSHandPrint.str1.4
                0x0000000008005ae4       0x4f obj/DD_SS.o
                                         0x52 (size before relaxing)
 *fill*         0x0000000008005b33        0x1 
 .rodata.HAL_UART_RxCpltCallback.str1.4
                0x0000000008005b34        0x7 obj/SystemTaskManager.o
 *fill*         0x0000000008005b3b        0x1 
 .rodata.SY_clockInit.str1.4
                0x0000000008005b3c       0x3e obj/SystemTaskManager.o
                                         0x42 (size before relaxing)
 *fill*         0x0000000008005b7a        0x2 
 .rodata.SY_init.str1.4
                0x0000000008005b7c       0x75 obj/SystemTaskManager.o
 *fill*         0x0000000008005bf1        0x3 
 .rodata.__FUNCTION__.8189
                0x0000000008005bf4        0x5 obj/SystemTaskManager.o
 *fill*         0x0000000008005bf9        0x3 
 .rodata.__FUNCTION__.8228
                0x0000000008005bfc        0x8 obj/SystemTaskManager.o
 .rodata.__FUNCTION__.8235
                0x0000000008005c04        0xd obj/SystemTaskManager.o
 *fill*         0x0000000008005c11        0x3 
 .rodata.__FUNCTION__.8246
                0x0000000008005c14       0x18 obj/SystemTaskManager.o
 .rodata.main.str1.4
                0x0000000008005c2c       0x88 obj/SystemTaskManager.o
                                         0x8d (size before relaxing)
                0x0000000008005cb4                . = ALIGN (0x4)

.rel.dyn        0x0000000008005cb4        0x0
 .rel.iplt      0x0000000008005cb4        0x0 /usr/local/Cellar/gcc-arm-none-eabi/20180627/bin/../lib/gcc/arm-none-eabi/7.3.1/thumb/v7-m/crtbegin.o

.ARM.extab
 *(.ARM.extab* .gnu.linkonce.armextab.*)

.ARM            0x0000000008005cb4        0x0
                0x0000000008005cb4                __exidx_start = .
 *(.ARM.exidx*)
                0x0000000008005cb4                __exidx_end = .

.preinit_array  0x0000000008005cb4        0x0
                0x0000000008005cb4                PROVIDE (__preinit_array_start = .)
 *(.preinit_array*)
                0x0000000008005cb4                PROVIDE (__preinit_array_end = .)

.init_array     0x0000000008005cb4        0x4
                0x0000000008005cb4                PROVIDE (__init_array_start = .)
 *(SORT_BY_NAME(.init_array.*))
 *(.init_array*)
 .init_array    0x0000000008005cb4        0x4 /usr/local/Cellar/gcc-arm-none-eabi/20180627/bin/../lib/gcc/arm-none-eabi/7.3.1/thumb/v7-m/crtbegin.o
                0x0000000008005cb8                PROVIDE (__init_array_end = .)

.fini_array     0x0000000008005cb8        0x4
                [!provide]                        PROVIDE (__fini_array_start = .)
 *(SORT_BY_NAME(.fini_array.*))
 *(.fini_array*)
 .fini_array    0x0000000008005cb8        0x4 /usr/local/Cellar/gcc-arm-none-eabi/20180627/bin/../lib/gcc/arm-none-eabi/7.3.1/thumb/v7-m/crtbegin.o
                [!provide]                        PROVIDE (__fini_array_end = .)
                0x0000000008005cbc                _sidata = LOADADDR (.data)

.data           0x0000000020000000      0x264 load address 0x0000000008005cbc
                0x0000000020000000                . = ALIGN (0x4)
                0x0000000020000000                _sdata = .
 *(.data)
 *(.data*)
 .data.editlist
                0x0000000020000000       0x24 obj/constManager.o
                0x0000000020000000                editlist
 .data.g_ab_h   0x0000000020000024        0x2 obj/deviceDefinition.o
                0x0000000020000024                g_ab_h
 *fill*         0x0000000020000026        0x2 
 .data.g_md_h   0x0000000020000028       0x24 obj/deviceDefinition.o
                0x0000000020000028                g_md_h
 .data.g_ss_h   0x000000002000004c        0xb obj/deviceDefinition.o
                0x000000002000004c                g_ss_h
 *fill*         0x0000000020000057        0x1 
 .data.SystemCoreClock
                0x0000000020000058        0x4 obj/system_stm32f1xx.o
                0x0000000020000058                SystemCoreClock
 .data.htim3    0x000000002000005c       0x3c obj/MW_ENCODER.o
 .data.htim4    0x0000000020000098       0x3c obj/MW_ENCODER.o
 .data.had_completed_rx
                0x00000000200000d4        0x1 obj/MW_I2C.o
 .data.had_completed_tx
                0x00000000200000d5        0x1 obj/MW_I2C.o
 *fill*         0x00000000200000d6        0x2 
 .data.hi2c1    0x00000000200000d8       0x3c obj/MW_I2C.o
 .data.hi2c2    0x0000000020000114       0x3c obj/MW_I2C.o
                0x0000000020000114                hi2c2
 .data.hiwdg    0x0000000020000150       0x10 obj/MW_IWDG.o
 .data.htim1    0x0000000020000160       0x3c obj/MW_TIM.o
 .data.huart1   0x000000002000019c       0x40 obj/MW_USART.o
                0x000000002000019c                huart1
 .data.huart2   0x00000000200001dc       0x40 obj/MW_USART.o
                0x00000000200001dc                huart2
 .data.huart3   0x000000002000021c       0x40 obj/MW_USART.o
                0x000000002000021c                huart3
 .data.had_completed
                0x000000002000025c        0x1 obj/message.o
 .data.had_completed_rx
                0x000000002000025d        0x1 obj/DD_Gene.o
 .data.had_completed_tx
                0x000000002000025e        0x1 obj/DD_Gene.o
 *fill*         0x000000002000025f        0x1 
 .data.is_not_avaiable
                0x0000000020000260        0x4 obj/DD_RC.o
                0x0000000020000264                . = ALIGN (0x4)
                0x0000000020000264                _edata = .

.igot.plt       0x0000000020000264        0x0 load address 0x0000000008005f20
 .igot.plt      0x0000000020000264        0x0 /usr/local/Cellar/gcc-arm-none-eabi/20180627/bin/../lib/gcc/arm-none-eabi/7.3.1/thumb/v7-m/crtbegin.o
                0x0000000020000264                . = ALIGN (0x4)

.bss            0x0000000020000264      0x7a8 load address 0x0000000008005f20
                0x0000000020000264                _sbss = .
                0x0000000020000264                __bss_start__ = _sbss
 *(.bss)
 .bss           0x0000000020000264       0x1c /usr/local/Cellar/gcc-arm-none-eabi/20180627/bin/../lib/gcc/arm-none-eabi/7.3.1/thumb/v7-m/crtbegin.o
 *(.bss*)
 .bss.circle_flag.8666
                0x0000000020000280        0x1 obj/app.o
 .bss.cross_flag.8667
                0x0000000020000281        0x1 obj/app.o
 *fill*         0x0000000020000282        0x2 
 .bss.duty.8669
                0x0000000020000284        0x4 obj/app.o
 .bss.recent_system_count.8664
                0x0000000020000288        0x4 obj/app.o
 .bss.target_count.8665
                0x000000002000028c        0x4 obj/app.o
 .bss.target_duty.8668
                0x0000000020000290        0x4 obj/app.o
 .bss.g_adjust  0x0000000020000294      0x144 obj/constManager.o
                0x0000000020000294                g_adjust
 .bss.g_c_data  0x00000000200003d8       0x48 obj/constManager.o
                0x00000000200003d8                g_c_data
 .bss.hdma_irx.7389
                0x0000000020000420       0x38 obj/msp.o
 .bss.hdma_itx.7388
                0x0000000020000458       0x38 obj/msp.o
 .bss.hdma_rx.7431
                0x0000000020000490       0x38 obj/msp.o
 .bss.hdma_tx.7427
                0x00000000200004c8       0x38 obj/msp.o
 .bss.uwTick    0x0000000020000500        0x4 obj/stm32f1xx_hal.o
 .bss.GPIO_InitStruct
                0x0000000020000504       0x10 obj/MW_GPIO.o
 .bss.buff      0x0000000020000514      0x400 obj/message.o
 .bss.outptr    0x0000000020000914        0x4 obj/xprintf.o
                0x0000000020000914                outptr
 .bss.xfunc_out
                0x0000000020000918        0x4 obj/xprintf.o
                0x0000000020000918                xfunc_out
 .bss.encval1   0x000000002000091c        0x4 obj/DD_ENCODER.o
 .bss.encval2   0x0000000020000920        0x4 obj/DD_ENCODER.o
 .bss.count.8117
                0x0000000020000924        0x4 obj/DD_Gene.o
 .bss.ip        0x0000000020000928        0x4 obj/DD_RC.o
 .bss.rcv_data  0x000000002000092c        0x8 obj/DD_RC.o
 .bss.ReadPoint
                0x0000000020000934        0x4 obj/DD_SS.o
 .bss.RingBuf   0x0000000020000938       0x80 obj/DD_SS.o
 .bss.WritePoint
                0x00000000200009b8        0x4 obj/DD_SS.o
 .bss.encoder_wait
                0x00000000200009bc       0x20 obj/DD_SS.o
 .bss.phase     0x00000000200009dc        0x1 obj/DD_SS.o
 .bss.temp_data
                0x00000000200009dd        0x1 obj/DD_SS.o
 *fill*         0x00000000200009de        0x2 
 .bss.count_for_rc
                0x00000000200009e0        0x4 obj/SystemTaskManager.o
 .bss.g_SY_system_counter
                0x00000000200009e4        0x4 obj/SystemTaskManager.o
                0x00000000200009e4                g_SY_system_counter
 .bss.g_rc_data
                0x00000000200009e8        0x8 obj/SystemTaskManager.o
                0x00000000200009e8                g_rc_data
 .bss.raspi_control_rcv
                0x00000000200009f0        0x8 obj/SystemTaskManager.o
                0x00000000200009f0                raspi_control_rcv
 .bss.raspi_control_rcv_data
                0x00000000200009f8        0x8 obj/SystemTaskManager.o
 .bss.raspi_control_wait_count
                0x0000000020000a00        0x4 obj/SystemTaskManager.o
 .bss.rc_rcv    0x0000000020000a04        0x8 obj/SystemTaskManager.o
 *(COMMON)
                0x0000000020000a0c                . = ALIGN (0x4)
                0x0000000020000a0c                _ebss = .
                0x0000000020000a0c                __bss_end__ = _ebss

._user_heap_stack
                0x0000000020000a0c      0x604 load address 0x0000000008005f20
                0x0000000020000a10                . = ALIGN (0x8)
 *fill*         0x0000000020000a0c        0x4 
                [!provide]                        PROVIDE (end = .)
                [!provide]                        PROVIDE (_end = .)
                0x0000000020000c10                . = (. + _Min_Heap_Size)
 *fill*         0x0000000020000a10      0x200 
                0x0000000020001010                . = (. + _Min_Stack_Size)
 *fill*         0x0000000020000c10      0x400 
                0x0000000020001010                . = ALIGN (0x8)

/DISCARD/
 libc.a(*)
 libm.a(*)
 libgcc.a(*)

.ARM.attributes
                0x0000000000000000       0x29
 *(.ARM.attributes)
 .ARM.attributes
                0x0000000000000000       0x1d /usr/local/Cellar/gcc-arm-none-eabi/20180627/bin/../lib/gcc/arm-none-eabi/7.3.1/thumb/v7-m/crti.o
 .ARM.attributes
                0x000000000000001d       0x2d /usr/local/Cellar/gcc-arm-none-eabi/20180627/bin/../lib/gcc/arm-none-eabi/7.3.1/thumb/v7-m/crtbegin.o
 .ARM.attributes
                0x000000000000004a       0x33 obj/app.o
 .ARM.attributes
                0x000000000000007d       0x33 obj/assert.o
 .ARM.attributes
                0x00000000000000b0       0x33 obj/constManager.o
 .ARM.attributes
                0x00000000000000e3       0x33 obj/deviceDefinition.o
 .ARM.attributes
                0x0000000000000116       0x33 obj/msp.o
 .ARM.attributes
                0x0000000000000149       0x33 obj/stm32f1xx_it.o
 .ARM.attributes
                0x000000000000017c       0x33 obj/system_stm32f1xx.o
 .ARM.attributes
                0x00000000000001af       0x33 obj/stm32f1xx_hal.o
 .ARM.attributes
                0x00000000000001e2       0x33 obj/stm32f1xx_hal_cortex.o
 .ARM.attributes
                0x0000000000000215       0x33 obj/stm32f1xx_hal_dma.o
 .ARM.attributes
                0x0000000000000248       0x33 obj/stm32f1xx_hal_gpio.o
 .ARM.attributes
                0x000000000000027b       0x33 obj/stm32f1xx_hal_i2c.o
 .ARM.attributes
                0x00000000000002ae       0x33 obj/stm32f1xx_hal_iwdg.o
 .ARM.attributes
                0x00000000000002e1       0x33 obj/stm32f1xx_hal_rcc.o
 .ARM.attributes
                0x0000000000000314       0x33 obj/stm32f1xx_hal_rcc_ex.o
 .ARM.attributes
                0x0000000000000347       0x33 obj/stm32f1xx_hal_tim.o
 .ARM.attributes
                0x000000000000037a       0x33 obj/stm32f1xx_hal_tim_ex.o
 .ARM.attributes
                0x00000000000003ad       0x33 obj/stm32f1xx_hal_uart.o
 .ARM.attributes
                0x00000000000003e0       0x33 obj/MW_ENCODER.o
 .ARM.attributes
                0x0000000000000413       0x33 obj/MW_GPIO.o
 .ARM.attributes
                0x0000000000000446       0x33 obj/MW_I2C.o
 .ARM.attributes
                0x0000000000000479       0x33 obj/MW_IWDG.o
 .ARM.attributes
                0x00000000000004ac       0x33 obj/MW_TIM.o
 .ARM.attributes
                0x00000000000004df       0x33 obj/MW_USART.o
 .ARM.attributes
                0x0000000000000512       0x33 obj/message.o
 .ARM.attributes
                0x0000000000000545       0x33 obj/xprintf.o
 .ARM.attributes
                0x0000000000000578       0x33 obj/DD_AB.o
 .ARM.attributes
                0x00000000000005ab       0x33 obj/DD_ENCODER.o
 .ARM.attributes
                0x00000000000005de       0x33 obj/DD_Gene.o
 .ARM.attributes
                0x0000000000000611       0x33 obj/DD_MD.o
 .ARM.attributes
                0x0000000000000644       0x33 obj/DD_RC.o
 .ARM.attributes
                0x0000000000000677       0x33 obj/DD_SS.o
 .ARM.attributes
                0x00000000000006aa       0x33 obj/SystemTaskManager.o
 .ARM.attributes
                0x00000000000006dd       0x21 obj/startup.o
 .ARM.attributes
                0x00000000000006fe       0x1d /usr/local/Cellar/gcc-arm-none-eabi/20180627/bin/../lib/gcc/arm-none-eabi/7.3.1/thumb/v7-m/libgcc.a(_arm_addsubdf3.o)
 .ARM.attributes
                0x000000000000071b       0x1d /usr/local/Cellar/gcc-arm-none-eabi/20180627/bin/../lib/gcc/arm-none-eabi/7.3.1/thumb/v7-m/libgcc.a(_arm_muldivdf3.o)
 .ARM.attributes
                0x0000000000000738       0x1d /usr/local/Cellar/gcc-arm-none-eabi/20180627/bin/../lib/gcc/arm-none-eabi/7.3.1/thumb/v7-m/libgcc.a(_arm_fixdfsi.o)
 .ARM.attributes
                0x0000000000000755       0x2d /usr/local/Cellar/gcc-arm-none-eabi/20180627/bin/../lib/gcc/arm-none-eabi/7.3.1/../../../../arm-none-eabi/lib/thumb/v7-m/libc_nano.a(lib_a-init.o)
 .ARM.attributes
                0x0000000000000782       0x2d /usr/local/Cellar/gcc-arm-none-eabi/20180627/bin/../lib/gcc/arm-none-eabi/7.3.1/../../../../arm-none-eabi/lib/thumb/v7-m/libc_nano.a(lib_a-memcpy-stub.o)
 .ARM.attributes
                0x00000000000007af       0x1d /usr/local/Cellar/gcc-arm-none-eabi/20180627/bin/../lib/gcc/arm-none-eabi/7.3.1/thumb/v7-m/crtn.o
OUTPUT(bin/Test.elf elf32-littlearm)

.debug_info     0x0000000000000000    0x2b17d
 .debug_info    0x0000000000000000      0xe18 obj/app.o
 .debug_info    0x0000000000000e18      0x967 obj/assert.o
 .debug_info    0x000000000000177f     0x18c8 obj/constManager.o
 .debug_info    0x0000000000003047      0xb92 obj/deviceDefinition.o
 .debug_info    0x0000000000003bd9     0x23b5 obj/msp.o
 .debug_info    0x0000000000005f8e     0x117b obj/stm32f1xx_it.o
 .debug_info    0x0000000000007109      0x3ec obj/system_stm32f1xx.o
 .debug_info    0x00000000000074f5      0xf0e obj/stm32f1xx_hal.o
 .debug_info    0x0000000000008403     0x1550 obj/stm32f1xx_hal_cortex.o
 .debug_info    0x0000000000009953      0xffa obj/stm32f1xx_hal_dma.o
 .debug_info    0x000000000000a94d     0x1080 obj/stm32f1xx_hal_gpio.o
 .debug_info    0x000000000000b9cd     0x34cf obj/stm32f1xx_hal_i2c.o
 .debug_info    0x000000000000ee9c      0xc15 obj/stm32f1xx_hal_iwdg.o
 .debug_info    0x000000000000fab1     0x1d94 obj/stm32f1xx_hal_rcc.o
 .debug_info    0x0000000000011845      0xe68 obj/stm32f1xx_hal_rcc_ex.o
 .debug_info    0x00000000000126ad     0x4b8a obj/stm32f1xx_hal_tim.o
 .debug_info    0x0000000000017237     0x2002 obj/stm32f1xx_hal_tim_ex.o
 .debug_info    0x0000000000019239     0x1c43 obj/stm32f1xx_hal_uart.o
 .debug_info    0x000000000001ae7c     0x1038 obj/MW_ENCODER.o
 .debug_info    0x000000000001beb4      0xd24 obj/MW_GPIO.o
 .debug_info    0x000000000001cbd8     0x1081 obj/MW_I2C.o
 .debug_info    0x000000000001dc59      0xba9 obj/MW_IWDG.o
 .debug_info    0x000000000001e802     0x1360 obj/MW_TIM.o
 .debug_info    0x000000000001fb62     0x10bd obj/MW_USART.o
 .debug_info    0x0000000000020c1f     0x1088 obj/message.o
 .debug_info    0x0000000000021ca7     0x1373 obj/xprintf.o
 .debug_info    0x000000000002301a      0xbae obj/DD_AB.o
 .debug_info    0x0000000000023bc8      0xcaf obj/DD_ENCODER.o
 .debug_info    0x0000000000024877     0x1595 obj/DD_Gene.o
 .debug_info    0x0000000000025e0c      0xc8c obj/DD_MD.o
 .debug_info    0x0000000000026a98     0x1662 obj/DD_RC.o
 .debug_info    0x00000000000280fa      0xff8 obj/DD_SS.o
 .debug_info    0x00000000000290f2     0x208b obj/SystemTaskManager.o

.debug_abbrev   0x0000000000000000     0x5834
 .debug_abbrev  0x0000000000000000      0x292 obj/app.o
 .debug_abbrev  0x0000000000000292      0x1c0 obj/assert.o
 .debug_abbrev  0x0000000000000452      0x337 obj/constManager.o
 .debug_abbrev  0x0000000000000789      0x1c9 obj/deviceDefinition.o
 .debug_abbrev  0x0000000000000952      0x2bc obj/msp.o
 .debug_abbrev  0x0000000000000c0e      0x21f obj/stm32f1xx_it.o
 .debug_abbrev  0x0000000000000e2d      0x134 obj/system_stm32f1xx.o
 .debug_abbrev  0x0000000000000f61      0x338 obj/stm32f1xx_hal.o
 .debug_abbrev  0x0000000000001299      0x3ac obj/stm32f1xx_hal_cortex.o
 .debug_abbrev  0x0000000000001645      0x2d4 obj/stm32f1xx_hal_dma.o
 .debug_abbrev  0x0000000000001919      0x2de obj/stm32f1xx_hal_gpio.o
 .debug_abbrev  0x0000000000001bf7      0x2f0 obj/stm32f1xx_hal_i2c.o
 .debug_abbrev  0x0000000000001ee7      0x299 obj/stm32f1xx_hal_iwdg.o
 .debug_abbrev  0x0000000000002180      0x33a obj/stm32f1xx_hal_rcc.o
 .debug_abbrev  0x00000000000024ba      0x339 obj/stm32f1xx_hal_rcc_ex.o
 .debug_abbrev  0x00000000000027f3      0x2ef obj/stm32f1xx_hal_tim.o
 .debug_abbrev  0x0000000000002ae2      0x2e0 obj/stm32f1xx_hal_tim_ex.o
 .debug_abbrev  0x0000000000002dc2      0x2fd obj/stm32f1xx_hal_uart.o
 .debug_abbrev  0x00000000000030bf      0x26d obj/MW_ENCODER.o
 .debug_abbrev  0x000000000000332c      0x278 obj/MW_GPIO.o
 .debug_abbrev  0x00000000000035a4      0x27d obj/MW_I2C.o
 .debug_abbrev  0x0000000000003821      0x25c obj/MW_IWDG.o
 .debug_abbrev  0x0000000000003a7d      0x27c obj/MW_TIM.o
 .debug_abbrev  0x0000000000003cf9      0x274 obj/MW_USART.o
 .debug_abbrev  0x0000000000003f6d      0x2e2 obj/message.o
 .debug_abbrev  0x000000000000424f      0x35b obj/xprintf.o
 .debug_abbrev  0x00000000000045aa      0x24b obj/DD_AB.o
 .debug_abbrev  0x00000000000047f5      0x23a obj/DD_ENCODER.o
 .debug_abbrev  0x0000000000004a2f      0x2ac obj/DD_Gene.o
 .debug_abbrev  0x0000000000004cdb      0x274 obj/DD_MD.o
 .debug_abbrev  0x0000000000004f4f      0x2a9 obj/DD_RC.o
 .debug_abbrev  0x00000000000051f8      0x2da obj/DD_SS.o
 .debug_abbrev  0x00000000000054d2      0x362 obj/SystemTaskManager.o

.debug_loc      0x0000000000000000     0xb8f5
 .debug_loc     0x0000000000000000       0x54 obj/app.o
 .debug_loc     0x0000000000000054      0x371 obj/constManager.o
 .debug_loc     0x00000000000003c5      0x3ac obj/msp.o
 .debug_loc     0x0000000000000771       0xdf obj/system_stm32f1xx.o
 .debug_loc     0x0000000000000850       0x81 obj/stm32f1xx_hal.o
 .debug_loc     0x00000000000008d1      0x6db obj/stm32f1xx_hal_cortex.o
 .debug_loc     0x0000000000000fac      0x4fc obj/stm32f1xx_hal_dma.o
 .debug_loc     0x00000000000014a8      0x571 obj/stm32f1xx_hal_gpio.o
 .debug_loc     0x0000000000001a19     0x2d80 obj/stm32f1xx_hal_i2c.o
 .debug_loc     0x0000000000004799      0x10d obj/stm32f1xx_hal_iwdg.o
 .debug_loc     0x00000000000048a6      0x91b obj/stm32f1xx_hal_rcc.o
 .debug_loc     0x00000000000051c1      0x333 obj/stm32f1xx_hal_rcc_ex.o
 .debug_loc     0x00000000000054f4     0x2704 obj/stm32f1xx_hal_tim.o
 .debug_loc     0x0000000000007bf8      0xade obj/stm32f1xx_hal_tim_ex.o
 .debug_loc     0x00000000000086d6     0x116d obj/stm32f1xx_hal_uart.o
 .debug_loc     0x0000000000009843       0x9d obj/MW_ENCODER.o
 .debug_loc     0x00000000000098e0      0x1ca obj/MW_GPIO.o
 .debug_loc     0x0000000000009aaa      0x2bc obj/MW_I2C.o
 .debug_loc     0x0000000000009d66      0x2b8 obj/MW_TIM.o
 .debug_loc     0x000000000000a01e      0x1b8 obj/MW_USART.o
 .debug_loc     0x000000000000a1d6       0xb5 obj/message.o
 .debug_loc     0x000000000000a28b      0x907 obj/xprintf.o
 .debug_loc     0x000000000000ab92       0x42 obj/DD_AB.o
 .debug_loc     0x000000000000abd4      0x359 obj/DD_Gene.o
 .debug_loc     0x000000000000af2d       0x52 obj/DD_MD.o
 .debug_loc     0x000000000000af7f      0x4b0 obj/DD_RC.o
 .debug_loc     0x000000000000b42f      0x2eb obj/DD_SS.o
 .debug_loc     0x000000000000b71a      0x1db obj/SystemTaskManager.o

.debug_aranges  0x0000000000000000     0x1228
 .debug_aranges
                0x0000000000000000       0x28 obj/app.o
 .debug_aranges
                0x0000000000000028       0x20 obj/assert.o
 .debug_aranges
                0x0000000000000048       0x88 obj/constManager.o
 .debug_aranges
                0x00000000000000d0       0x18 obj/deviceDefinition.o
 .debug_aranges
                0x00000000000000e8       0x88 obj/msp.o
 .debug_aranges
                0x0000000000000170       0x90 obj/stm32f1xx_it.o
 .debug_aranges
                0x0000000000000200       0x28 obj/system_stm32f1xx.o
 .debug_aranges
                0x0000000000000228       0xb0 obj/stm32f1xx_hal.o
 .debug_aranges
                0x00000000000002d8       0x90 obj/stm32f1xx_hal_cortex.o
 .debug_aranges
                0x0000000000000368       0x68 obj/stm32f1xx_hal_dma.o
 .debug_aranges
                0x00000000000003d0       0x58 obj/stm32f1xx_hal_gpio.o
 .debug_aranges
                0x0000000000000428      0x218 obj/stm32f1xx_hal_i2c.o
 .debug_aranges
                0x0000000000000640       0x40 obj/stm32f1xx_hal_iwdg.o
 .debug_aranges
                0x0000000000000680       0x88 obj/stm32f1xx_hal_rcc.o
 .debug_aranges
                0x0000000000000708       0x30 obj/stm32f1xx_hal_rcc_ex.o
 .debug_aranges
                0x0000000000000738      0x368 obj/stm32f1xx_hal_tim.o
 .debug_aranges
                0x0000000000000aa0      0x138 obj/stm32f1xx_hal_tim_ex.o
 .debug_aranges
                0x0000000000000bd8      0x150 obj/stm32f1xx_hal_uart.o
 .debug_aranges
                0x0000000000000d28       0x30 obj/MW_ENCODER.o
 .debug_aranges
                0x0000000000000d58       0x58 obj/MW_GPIO.o
 .debug_aranges
                0x0000000000000db0       0x58 obj/MW_I2C.o
 .debug_aranges
                0x0000000000000e08       0x40 obj/MW_IWDG.o
 .debug_aranges
                0x0000000000000e48       0x80 obj/MW_TIM.o
 .debug_aranges
                0x0000000000000ec8       0x60 obj/MW_USART.o
 .debug_aranges
                0x0000000000000f28       0x48 obj/message.o
 .debug_aranges
                0x0000000000000f70       0x70 obj/xprintf.o
 .debug_aranges
                0x0000000000000fe0       0x28 obj/DD_AB.o
 .debug_aranges
                0x0000000000001008       0x60 obj/DD_ENCODER.o
 .debug_aranges
                0x0000000000001068       0x50 obj/DD_Gene.o
 .debug_aranges
                0x00000000000010b8       0x28 obj/DD_MD.o
 .debug_aranges
                0x00000000000010e0       0x58 obj/DD_RC.o
 .debug_aranges
                0x0000000000001138       0x78 obj/DD_SS.o
 .debug_aranges
                0x00000000000011b0       0x78 obj/SystemTaskManager.o

.debug_ranges   0x0000000000000000     0x1118
 .debug_ranges  0x0000000000000000       0x18 obj/app.o
 .debug_ranges  0x0000000000000018       0x10 obj/assert.o
 .debug_ranges  0x0000000000000028       0xa8 obj/constManager.o
 .debug_ranges  0x00000000000000d0       0x78 obj/msp.o
 .debug_ranges  0x0000000000000148       0x80 obj/stm32f1xx_it.o
 .debug_ranges  0x00000000000001c8       0x18 obj/system_stm32f1xx.o
 .debug_ranges  0x00000000000001e0       0xa0 obj/stm32f1xx_hal.o
 .debug_ranges  0x0000000000000280       0xe0 obj/stm32f1xx_hal_cortex.o
 .debug_ranges  0x0000000000000360       0x58 obj/stm32f1xx_hal_dma.o
 .debug_ranges  0x00000000000003b8       0x48 obj/stm32f1xx_hal_gpio.o
 .debug_ranges  0x0000000000000400      0x208 obj/stm32f1xx_hal_i2c.o
 .debug_ranges  0x0000000000000608       0x30 obj/stm32f1xx_hal_iwdg.o
 .debug_ranges  0x0000000000000638       0x78 obj/stm32f1xx_hal_rcc.o
 .debug_ranges  0x00000000000006b0       0x20 obj/stm32f1xx_hal_rcc_ex.o
 .debug_ranges  0x00000000000006d0      0x358 obj/stm32f1xx_hal_tim.o
 .debug_ranges  0x0000000000000a28      0x128 obj/stm32f1xx_hal_tim_ex.o
 .debug_ranges  0x0000000000000b50      0x140 obj/stm32f1xx_hal_uart.o
 .debug_ranges  0x0000000000000c90       0x20 obj/MW_ENCODER.o
 .debug_ranges  0x0000000000000cb0       0x48 obj/MW_GPIO.o
 .debug_ranges  0x0000000000000cf8       0x48 obj/MW_I2C.o
 .debug_ranges  0x0000000000000d40       0x30 obj/MW_IWDG.o
 .debug_ranges  0x0000000000000d70       0x70 obj/MW_TIM.o
 .debug_ranges  0x0000000000000de0       0x50 obj/MW_USART.o
 .debug_ranges  0x0000000000000e30       0x38 obj/message.o
 .debug_ranges  0x0000000000000e68       0x60 obj/xprintf.o
 .debug_ranges  0x0000000000000ec8       0x18 obj/DD_AB.o
 .debug_ranges  0x0000000000000ee0       0x50 obj/DD_ENCODER.o
 .debug_ranges  0x0000000000000f30       0x40 obj/DD_Gene.o
 .debug_ranges  0x0000000000000f70       0x18 obj/DD_MD.o
 .debug_ranges  0x0000000000000f88       0x78 obj/DD_RC.o
 .debug_ranges  0x0000000000001000       0xb0 obj/DD_SS.o
 .debug_ranges  0x00000000000010b0       0x68 obj/SystemTaskManager.o

.debug_macro    0x0000000000000000    0x16af7
 .debug_macro   0x0000000000000000      0x43e obj/app.o
 .debug_macro   0x000000000000043e      0xab4 obj/app.o
 .debug_macro   0x0000000000000ef2       0x46 obj/app.o
 .debug_macro   0x0000000000000f38       0x22 obj/app.o
 .debug_macro   0x0000000000000f5a       0x8e obj/app.o
 .debug_macro   0x0000000000000fe8       0x51 obj/app.o
 .debug_macro   0x0000000000001039       0xef obj/app.o
 .debug_macro   0x0000000000001128       0x6a obj/app.o
 .debug_macro   0x0000000000001192      0x1df obj/app.o
 .debug_macro   0x0000000000001371       0x16 obj/app.o
 .debug_macro   0x0000000000001387       0x10 obj/app.o
 .debug_macro   0x0000000000001397       0x40 obj/app.o
 .debug_macro   0x00000000000013d7       0x10 obj/app.o
 .debug_macro   0x00000000000013e7      0x1e5 obj/app.o
 .debug_macro   0x00000000000015cc      0x1b1 obj/app.o
 .debug_macro   0x000000000000177d       0x2e obj/app.o
 .debug_macro   0x00000000000017ab       0x22 obj/app.o
 .debug_macro   0x00000000000017cd       0x3a obj/app.o
 .debug_macro   0x0000000000001807       0x34 obj/app.o
 .debug_macro   0x000000000000183b      0xb8e obj/app.o
 .debug_macro   0x00000000000023c9     0x69eb obj/app.o
 .debug_macro   0x0000000000008db4       0x43 obj/app.o
 .debug_macro   0x0000000000008df7     0x3383 obj/app.o
 .debug_macro   0x000000000000c17a       0x5e obj/app.o
 .debug_macro   0x000000000000c1d8       0x18 obj/app.o
 .debug_macro   0x000000000000c1f0       0x35 obj/app.o
 .debug_macro   0x000000000000c225       0x34 obj/app.o
 .debug_macro   0x000000000000c259       0x16 obj/app.o
 .debug_macro   0x000000000000c26f       0x97 obj/app.o
 .debug_macro   0x000000000000c306      0x353 obj/app.o
 .debug_macro   0x000000000000c659       0xf6 obj/app.o
 .debug_macro   0x000000000000c74f       0x10 obj/app.o
 .debug_macro   0x000000000000c75f       0x58 obj/app.o
 .debug_macro   0x000000000000c7b7       0x1f obj/app.o
 .debug_macro   0x000000000000c7d6       0x43 obj/app.o
 .debug_macro   0x000000000000c819       0x20 obj/app.o
 .debug_macro   0x000000000000c839      0x18e obj/app.o
 .debug_macro   0x000000000000c9c7       0x10 obj/app.o
 .debug_macro   0x000000000000c9d7       0x1c obj/app.o
 .debug_macro   0x000000000000c9f3       0x52 obj/app.o
 .debug_macro   0x000000000000ca45       0x40 obj/app.o
 .debug_macro   0x000000000000ca85       0x10 obj/app.o
 .debug_macro   0x000000000000ca95       0x40 obj/app.o
 .debug_macro   0x000000000000cad5       0xd7 obj/app.o
 .debug_macro   0x000000000000cbac       0x1c obj/app.o
 .debug_macro   0x000000000000cbc8       0x3d obj/app.o
 .debug_macro   0x000000000000cc05       0x16 obj/app.o
 .debug_macro   0x000000000000cc1b      0x16f obj/app.o
 .debug_macro   0x000000000000cd8a       0x57 obj/app.o
 .debug_macro   0x000000000000cde1      0x778 obj/app.o
 .debug_macro   0x000000000000d559      0x28b obj/app.o
 .debug_macro   0x000000000000d7e4      0x141 obj/app.o
 .debug_macro   0x000000000000d925      0x197 obj/app.o
 .debug_macro   0x000000000000dabc      0x1ae obj/app.o
 .debug_macro   0x000000000000dc6a       0x2d obj/app.o
 .debug_macro   0x000000000000dc97       0x3c obj/app.o
 .debug_macro   0x000000000000dcd3       0x57 obj/app.o
 .debug_macro   0x000000000000dd2a      0x46a obj/app.o
 .debug_macro   0x000000000000e194      0x1b5 obj/app.o
 .debug_macro   0x000000000000e349       0x8c obj/app.o
 .debug_macro   0x000000000000e3d5      0x242 obj/app.o
 .debug_macro   0x000000000000e617      0x225 obj/app.o
 .debug_macro   0x000000000000e83c       0x99 obj/app.o
 .debug_macro   0x000000000000e8d5      0x143 obj/app.o
 .debug_macro   0x000000000000ea18      0x1f4 obj/app.o
 .debug_macro   0x000000000000ec0c      0x83e obj/app.o
 .debug_macro   0x000000000000f44a       0x11 obj/app.o
 .debug_macro   0x000000000000f45b      0x256 obj/app.o
 .debug_macro   0x000000000000f6b1       0x7c obj/app.o
 .debug_macro   0x000000000000f72d       0x16 obj/app.o
 .debug_macro   0x000000000000f743       0x35 obj/app.o
 .debug_macro   0x000000000000f778       0x16 obj/app.o
 .debug_macro   0x000000000000f78e       0x29 obj/app.o
 .debug_macro   0x000000000000f7b7       0x16 obj/app.o
 .debug_macro   0x000000000000f7cd      0x100 obj/app.o
 .debug_macro   0x000000000000f8cd       0x2e obj/app.o
 .debug_macro   0x000000000000f8fb       0x22 obj/app.o
 .debug_macro   0x000000000000f91d      0x1e1 obj/app.o
 .debug_macro   0x000000000000fafe       0x28 obj/app.o
 .debug_macro   0x000000000000fb26       0x34 obj/app.o
 .debug_macro   0x000000000000fb5a      0x325 obj/assert.o
 .debug_macro   0x000000000000fe7f       0x34 obj/assert.o
 .debug_macro   0x000000000000feb3      0x3b2 obj/constManager.o
 .debug_macro   0x0000000000010265       0x58 obj/constManager.o
 .debug_macro   0x00000000000102bd       0x94 obj/constManager.o
 .debug_macro   0x0000000000010351       0x57 obj/constManager.o
 .debug_macro   0x00000000000103a8      0x10b obj/constManager.o
 .debug_macro   0x00000000000104b3       0x10 obj/constManager.o
 .debug_macro   0x00000000000104c3       0x1c obj/constManager.o
 .debug_macro   0x00000000000104df       0x28 obj/constManager.o
 .debug_macro   0x0000000000010507      0x3e9 obj/deviceDefinition.o
 .debug_macro   0x00000000000108f0      0x325 obj/msp.o
 .debug_macro   0x0000000000010c15      0x369 obj/stm32f1xx_it.o
 .debug_macro   0x0000000000010f7e       0x10 obj/stm32f1xx_it.o
 .debug_macro   0x0000000000010f8e       0xd1 obj/system_stm32f1xx.o
 .debug_macro   0x000000000001105f      0x349 obj/stm32f1xx_hal.o
 .debug_macro   0x00000000000113a8      0x325 obj/stm32f1xx_hal_cortex.o
 .debug_macro   0x00000000000116cd      0x32b obj/stm32f1xx_hal_dma.o
 .debug_macro   0x00000000000119f8      0x395 obj/stm32f1xx_hal_gpio.o
 .debug_macro   0x0000000000011d8d      0x33b obj/stm32f1xx_hal_i2c.o
 .debug_macro   0x00000000000120c8      0x32b obj/stm32f1xx_hal_iwdg.o
 .debug_macro   0x00000000000123f3      0x349 obj/stm32f1xx_hal_rcc.o
 .debug_macro   0x000000000001273c      0x325 obj/stm32f1xx_hal_rcc_ex.o
 .debug_macro   0x0000000000012a61      0x326 obj/stm32f1xx_hal_tim.o
 .debug_macro   0x0000000000012d87      0x325 obj/stm32f1xx_hal_tim_ex.o
 .debug_macro   0x00000000000130ac      0x326 obj/stm32f1xx_hal_uart.o
 .debug_macro   0x00000000000133d2      0x369 obj/MW_ENCODER.o
 .debug_macro   0x000000000001373b      0x334 obj/MW_GPIO.o
 .debug_macro   0x0000000000013a6f       0x22 obj/MW_GPIO.o
 .debug_macro   0x0000000000013a91      0x372 obj/MW_I2C.o
 .debug_macro   0x0000000000013e03      0x363 obj/MW_IWDG.o
 .debug_macro   0x0000000000014166      0x368 obj/MW_TIM.o
 .debug_macro   0x00000000000144ce       0x16 obj/MW_TIM.o
 .debug_macro   0x00000000000144e4      0x369 obj/MW_USART.o
 .debug_macro   0x000000000001484d      0x3a1 obj/message.o
 .debug_macro   0x0000000000014bee       0x22 obj/message.o
 .debug_macro   0x0000000000014c10       0x58 obj/message.o
 .debug_macro   0x0000000000014c68       0x22 obj/message.o
 .debug_macro   0x0000000000014c8a      0x33d obj/xprintf.o
 .debug_macro   0x0000000000014fc7      0x3da obj/DD_AB.o
 .debug_macro   0x00000000000153a1      0x3da obj/DD_ENCODER.o
 .debug_macro   0x000000000001577b      0x3ec obj/DD_Gene.o
 .debug_macro   0x0000000000015b67       0x10 obj/DD_Gene.o
 .debug_macro   0x0000000000015b77      0x3da obj/DD_MD.o
 .debug_macro   0x0000000000015f51      0x396 obj/DD_RC.o
 .debug_macro   0x00000000000162e7       0x1c obj/DD_RC.o
 .debug_macro   0x0000000000016303      0x3e3 obj/DD_SS.o
 .debug_macro   0x00000000000166e6      0x411 obj/SystemTaskManager.o

.debug_line     0x0000000000000000    0x17fc7
 .debug_line    0x0000000000000000      0xd2c obj/app.o
 .debug_line    0x0000000000000d2c      0x71f obj/assert.o
 .debug_line    0x000000000000144b      0xbbe obj/constManager.o
 .debug_line    0x0000000000002009      0xb53 obj/deviceDefinition.o
 .debug_line    0x0000000000002b5c      0x95c obj/msp.o
 .debug_line    0x00000000000034b8      0x9bc obj/stm32f1xx_it.o
 .debug_line    0x0000000000003e74      0x333 obj/system_stm32f1xx.o
 .debug_line    0x00000000000041a7      0x8a0 obj/stm32f1xx_hal.o
 .debug_line    0x0000000000004a47      0x937 obj/stm32f1xx_hal_cortex.o
 .debug_line    0x000000000000537e      0xbce obj/stm32f1xx_hal_dma.o
 .debug_line    0x0000000000005f4c      0x9ea obj/stm32f1xx_hal_gpio.o
 .debug_line    0x0000000000006936     0x17f7 obj/stm32f1xx_hal_i2c.o
 .debug_line    0x000000000000812d      0x7fe obj/stm32f1xx_hal_iwdg.o
 .debug_line    0x000000000000892b      0xd93 obj/stm32f1xx_hal_rcc.o
 .debug_line    0x00000000000096be      0x89b obj/stm32f1xx_hal_rcc_ex.o
 .debug_line    0x0000000000009f59     0x26f2 obj/stm32f1xx_hal_tim.o
 .debug_line    0x000000000000c64b     0x1098 obj/stm32f1xx_hal_tim_ex.o
 .debug_line    0x000000000000d6e3      0xf33 obj/stm32f1xx_hal_uart.o
 .debug_line    0x000000000000e616      0x81a obj/MW_ENCODER.o
 .debug_line    0x000000000000ee30      0x7fb obj/MW_GPIO.o
 .debug_line    0x000000000000f62b      0x85c obj/MW_I2C.o
 .debug_line    0x000000000000fe87      0x805 obj/MW_IWDG.o
 .debug_line    0x000000000001068c      0x8f2 obj/MW_TIM.o
 .debug_line    0x0000000000010f7e      0x865 obj/MW_USART.o
 .debug_line    0x00000000000117e3      0x986 obj/message.o
 .debug_line    0x0000000000012169      0xa24 obj/xprintf.o
 .debug_line    0x0000000000012b8d      0xb12 obj/DD_AB.o
 .debug_line    0x000000000001369f      0xb91 obj/DD_ENCODER.o
 .debug_line    0x0000000000014230      0xcb0 obj/DD_Gene.o
 .debug_line    0x0000000000014ee0      0xb25 obj/DD_MD.o
 .debug_line    0x0000000000015a05      0xaad obj/DD_RC.o
 .debug_line    0x00000000000164b2      0xc7e obj/DD_SS.o
 .debug_line    0x0000000000017130      0xe97 obj/SystemTaskManager.o

.debug_str      0x0000000000000000    0x6d80e
 .debug_str     0x0000000000000000    0x682ba obj/app.o
                                      0x686d1 (size before relaxing)
 .debug_str     0x00000000000682ba       0x1f obj/assert.o
                                      0x663ab (size before relaxing)
 .debug_str     0x00000000000682d9      0xa55 obj/constManager.o
                                      0x677f0 (size before relaxing)
 .debug_str     0x0000000000068d2e       0x1b obj/deviceDefinition.o
                                      0x67511 (size before relaxing)
 .debug_str     0x0000000000068d49      0xd22 obj/msp.o
                                      0x67250 (size before relaxing)
 .debug_str     0x0000000000069a6b      0x27a obj/stm32f1xx_it.o
                                      0x66d03 (size before relaxing)
 .debug_str     0x0000000000069ce5       0xb6 obj/system_stm32f1xx.o
                                      0x2e28e (size before relaxing)
 .debug_str     0x0000000000069d9b      0x2ee obj/stm32f1xx_hal.o
                                      0x66aad (size before relaxing)
 .debug_str     0x000000000006a089      0x226 obj/stm32f1xx_hal_cortex.o
                                      0x66aa7 (size before relaxing)
 .debug_str     0x000000000006a2af      0x151 obj/stm32f1xx_hal_dma.o
                                      0x66727 (size before relaxing)
 .debug_str     0x000000000006a400      0x3d1 obj/stm32f1xx_hal_gpio.o
                                      0x6689e (size before relaxing)
 .debug_str     0x000000000006a7d1      0x6ec obj/stm32f1xx_hal_i2c.o
                                      0x66ede (size before relaxing)
 .debug_str     0x000000000006aebd      0x162 obj/stm32f1xx_hal_iwdg.o
                                      0x66598 (size before relaxing)
 .debug_str     0x000000000006b01f      0x39e obj/stm32f1xx_hal_rcc.o
                                      0x668cb (size before relaxing)
 .debug_str     0x000000000006b3bd      0x128 obj/stm32f1xx_hal_rcc_ex.o
                                      0x665ca (size before relaxing)
 .debug_str     0x000000000006b4e5      0xcb2 obj/stm32f1xx_hal_tim.o
                                      0x6751f (size before relaxing)
 .debug_str     0x000000000006c197      0x4a9 obj/stm32f1xx_hal_tim_ex.o
                                      0x66db9 (size before relaxing)
 .debug_str     0x000000000006c640      0x34b obj/stm32f1xx_hal_uart.o
                                      0x66b7a (size before relaxing)
 .debug_str     0x000000000006c98b       0xa3 obj/MW_ENCODER.o
                                      0x66a51 (size before relaxing)
 .debug_str     0x000000000006ca2e       0xaf obj/MW_GPIO.o
                                      0x6665e (size before relaxing)
 .debug_str     0x000000000006cadd       0xf2 obj/MW_I2C.o
                                      0x66a82 (size before relaxing)
 .debug_str     0x000000000006cbcf       0x72 obj/MW_IWDG.o
                                      0x66669 (size before relaxing)
 .debug_str     0x000000000006cc41      0x29a obj/MW_TIM.o
                                      0x66bf2 (size before relaxing)
 .debug_str     0x000000000006cedb       0xfc obj/MW_USART.o
                                      0x669e2 (size before relaxing)
 .debug_str     0x000000000006cfd7      0x27d obj/message.o
                                      0x66dae (size before relaxing)
 .debug_str     0x000000000006d254       0x77 obj/xprintf.o
                                      0x66a24 (size before relaxing)
 .debug_str     0x000000000006d2cb       0x53 obj/DD_AB.o
                                      0x67404 (size before relaxing)
 .debug_str     0x000000000006d31e       0xb5 obj/DD_ENCODER.o
                                      0x674d5 (size before relaxing)
 .debug_str     0x000000000006d3d3       0xd2 obj/DD_Gene.o
                                      0x679d8 (size before relaxing)
 .debug_str     0x000000000006d4a5       0x21 obj/DD_MD.o
                                      0x67416 (size before relaxing)
 .debug_str     0x000000000006d4c6      0x15b obj/DD_RC.o
                                      0x672c4 (size before relaxing)
 .debug_str     0x000000000006d621      0x107 obj/DD_SS.o
                                      0x67560 (size before relaxing)
 .debug_str     0x000000000006d728       0xe6 obj/SystemTaskManager.o
                                      0x6857d (size before relaxing)

.comment        0x0000000000000000       0x7f
 .comment       0x0000000000000000       0x7f obj/app.o
                                         0x80 (size before relaxing)
 .comment       0x000000000000007f       0x80 obj/assert.o
 .comment       0x000000000000007f       0x80 obj/constManager.o
 .comment       0x000000000000007f       0x80 obj/deviceDefinition.o
 .comment       0x000000000000007f       0x80 obj/msp.o
 .comment       0x000000000000007f       0x80 obj/stm32f1xx_it.o
 .comment       0x000000000000007f       0x80 obj/system_stm32f1xx.o
 .comment       0x000000000000007f       0x80 obj/stm32f1xx_hal.o
 .comment       0x000000000000007f       0x80 obj/stm32f1xx_hal_cortex.o
 .comment       0x000000000000007f       0x80 obj/stm32f1xx_hal_dma.o
 .comment       0x000000000000007f       0x80 obj/stm32f1xx_hal_gpio.o
 .comment       0x000000000000007f       0x80 obj/stm32f1xx_hal_i2c.o
 .comment       0x000000000000007f       0x80 obj/stm32f1xx_hal_iwdg.o
 .comment       0x000000000000007f       0x80 obj/stm32f1xx_hal_rcc.o
 .comment       0x000000000000007f       0x80 obj/stm32f1xx_hal_rcc_ex.o
 .comment       0x000000000000007f       0x80 obj/stm32f1xx_hal_tim.o
 .comment       0x000000000000007f       0x80 obj/stm32f1xx_hal_tim_ex.o
 .comment       0x000000000000007f       0x80 obj/stm32f1xx_hal_uart.o
 .comment       0x000000000000007f       0x80 obj/MW_ENCODER.o
 .comment       0x000000000000007f       0x80 obj/MW_GPIO.o
 .comment       0x000000000000007f       0x80 obj/MW_I2C.o
 .comment       0x000000000000007f       0x80 obj/MW_IWDG.o
 .comment       0x000000000000007f       0x80 obj/MW_TIM.o
 .comment       0x000000000000007f       0x80 obj/MW_USART.o
 .comment       0x000000000000007f       0x80 obj/message.o
 .comment       0x000000000000007f       0x80 obj/xprintf.o
 .comment       0x000000000000007f       0x80 obj/DD_AB.o
 .comment       0x000000000000007f       0x80 obj/DD_ENCODER.o
 .comment       0x000000000000007f       0x80 obj/DD_Gene.o
 .comment       0x000000000000007f       0x80 obj/DD_MD.o
 .comment       0x000000000000007f       0x80 obj/DD_RC.o
 .comment       0x000000000000007f       0x80 obj/DD_SS.o
 .comment       0x000000000000007f       0x80 obj/SystemTaskManager.o

.debug_frame    0x0000000000000000     0x33c0
 .debug_frame   0x0000000000000000       0x44 obj/app.o
 .debug_frame   0x0000000000000044       0x20 obj/assert.o
 .debug_frame   0x0000000000000064      0x18c obj/constManager.o
 .debug_frame   0x00000000000001f0      0x198 obj/msp.o
 .debug_frame   0x0000000000000388      0x138 obj/stm32f1xx_it.o
 .debug_frame   0x00000000000004c0       0x30 obj/system_stm32f1xx.o
 .debug_frame   0x00000000000004f0      0x168 obj/stm32f1xx_hal.o
 .debug_frame   0x0000000000000658      0x144 obj/stm32f1xx_hal_cortex.o
 .debug_frame   0x000000000000079c      0x124 obj/stm32f1xx_hal_dma.o
 .debug_frame   0x00000000000008c0       0xfc obj/stm32f1xx_hal_gpio.o
 .debug_frame   0x00000000000009bc      0x750 obj/stm32f1xx_hal_i2c.o
 .debug_frame   0x000000000000110c       0x80 obj/stm32f1xx_hal_iwdg.o
 .debug_frame   0x000000000000118c      0x170 obj/stm32f1xx_hal_rcc.o
 .debug_frame   0x00000000000012fc       0x6c obj/stm32f1xx_hal_rcc_ex.o
 .debug_frame   0x0000000000001368      0xa8c obj/stm32f1xx_hal_tim.o
 .debug_frame   0x0000000000001df4      0x3c0 obj/stm32f1xx_hal_tim_ex.o
 .debug_frame   0x00000000000021b4      0x3a0 obj/stm32f1xx_hal_uart.o
 .debug_frame   0x0000000000002554       0x64 obj/MW_ENCODER.o
 .debug_frame   0x00000000000025b8       0xbc obj/MW_GPIO.o
 .debug_frame   0x0000000000002674       0xd4 obj/MW_I2C.o
 .debug_frame   0x0000000000002748       0x78 obj/MW_IWDG.o
 .debug_frame   0x00000000000027c0      0x164 obj/MW_TIM.o
 .debug_frame   0x0000000000002924      0x104 obj/MW_USART.o
 .debug_frame   0x0000000000002a28       0xfc obj/message.o
 .debug_frame   0x0000000000002b24      0x1a0 obj/xprintf.o
 .debug_frame   0x0000000000002cc4       0x44 obj/DD_AB.o
 .debug_frame   0x0000000000002d08       0xc8 obj/DD_ENCODER.o
 .debug_frame   0x0000000000002dd0       0xfc obj/DD_Gene.o
 .debug_frame   0x0000000000002ecc       0x4c obj/DD_MD.o
 .debug_frame   0x0000000000002f18       0xd4 obj/DD_RC.o
 .debug_frame   0x0000000000002fec      0x114 obj/DD_SS.o
 .debug_frame   0x0000000000003100      0x14c obj/SystemTaskManager.o
 .debug_frame   0x000000000000324c       0xac /usr/local/Cellar/gcc-arm-none-eabi/20180627/bin/../lib/gcc/arm-none-eabi/7.3.1/thumb/v7-m/libgcc.a(_arm_addsubdf3.o)
 .debug_frame   0x00000000000032f8       0x50 /usr/local/Cellar/gcc-arm-none-eabi/20180627/bin/../lib/gcc/arm-none-eabi/7.3.1/thumb/v7-m/libgcc.a(_arm_muldivdf3.o)
 .debug_frame   0x0000000000003348       0x24 /usr/local/Cellar/gcc-arm-none-eabi/20180627/bin/../lib/gcc/arm-none-eabi/7.3.1/thumb/v7-m/libgcc.a(_arm_fixdfsi.o)
 .debug_frame   0x000000000000336c       0x2c /usr/local/Cellar/gcc-arm-none-eabi/20180627/bin/../lib/gcc/arm-none-eabi/7.3.1/../../../../arm-none-eabi/lib/thumb/v7-m/libc_nano.a(lib_a-init.o)
 .debug_frame   0x0000000000003398       0x28 /usr/local/Cellar/gcc-arm-none-eabi/20180627/bin/../lib/gcc/arm-none-eabi/7.3.1/../../../../arm-none-eabi/lib/thumb/v7-m/libc_nano.a(lib_a-memcpy-stub.o)

Cross Reference Table

Symbol                                            File
ADC1_2_IRQHandler                                 obj/startup.o
ADC_ConversionStop_Disable                        obj/stm32f1xx_hal_adc.o
                                                  obj/stm32f1xx_hal_adc_ex.o
ADC_DMAConvCplt                                   obj/stm32f1xx_hal_adc.o
                                                  obj/stm32f1xx_hal_adc_ex.o
ADC_DMAError                                      obj/stm32f1xx_hal_adc.o
                                                  obj/stm32f1xx_hal_adc_ex.o
ADC_DMAHalfConvCplt                               obj/stm32f1xx_hal_adc.o
                                                  obj/stm32f1xx_hal_adc_ex.o
ADC_Enable                                        obj/stm32f1xx_hal_adc.o
                                                  obj/stm32f1xx_hal_adc_ex.o
AHBPrescTable                                     obj/system_stm32f1xx.o
                                                  obj/stm32f1xx_hal_rcc.o
APBPrescTable                                     obj/system_stm32f1xx.o
                                                  obj/stm32f1xx_hal_rcc.o
BusFault_Handler                                  obj/stm32f1xx_it.o
CAN1_RX1_IRQHandler                               obj/startup.o
CAN1_SCE_IRQHandler                               obj/startup.o
DD_ABHandPrint                                    obj/DD_AB.o
                                                  obj/DD_Gene.o
DD_I2C1Receive                                    obj/DD_Gene.o
                                                  obj/DD_SV.o
DD_I2C1Send                                       obj/DD_Gene.o
                                                  obj/DD_SV.o
                                                  obj/DD_MD.o
                                                  obj/DD_LD.o
                                                  obj/DD_AB.o
DD_I2C2Receive                                    obj/DD_Gene.o
                                                  obj/DD_SS.o
DD_I2C2Send                                       obj/DD_Gene.o
                                                  obj/DD_SS.o
DD_InitEncoder1                                   obj/DD_ENCODER.o
                                                  obj/DD_Gene.o
DD_InitEncoder2                                   obj/DD_ENCODER.o
                                                  obj/DD_Gene.o
DD_LDHandPrint                                    obj/DD_LD.o
DD_MDHandPrint                                    obj/DD_MD.o
                                                  obj/DD_Gene.o
DD_RCGetLX                                        obj/DD_RC.o
DD_RCGetLY                                        obj/DD_RC.o
DD_RCGetRX                                        obj/DD_RC.o
DD_RCGetRY                                        obj/DD_RC.o
DD_RCInit                                         obj/DD_RC.o
                                                  obj/SystemTaskManager.o
DD_RCPrint                                        obj/DD_RC.o
                                                  obj/SystemTaskManager.o
                                                  obj/constManager.o
DD_RCTask                                         obj/DD_RC.o
                                                  obj/SystemTaskManager.o
DD_RC_element                                     obj/DD_RC.o
DD_SSHandPrint                                    obj/DD_SS.o
                                                  obj/DD_Gene.o
DD_SSPullReceiveRequest                           obj/DD_SS.o
DD_SSPutReceiveRequest                            obj/DD_SS.o
                                                  obj/DD_Gene.o
DD_doTasks                                        obj/DD_Gene.o
                                                  obj/SystemTaskManager.o
DD_encoder1Get_int32                              obj/DD_ENCODER.o
                                                  obj/app.o
DD_encoder1reset                                  obj/DD_ENCODER.o
                                                  obj/app.o
DD_encoder1update                                 obj/DD_ENCODER.o
                                                  obj/DD_Gene.o
DD_encoder2Get_int32                              obj/DD_ENCODER.o
DD_encoder2reset                                  obj/DD_ENCODER.o
DD_encoder2update                                 obj/DD_ENCODER.o
                                                  obj/DD_Gene.o
DD_encoderprint                                   obj/DD_ENCODER.o
                                                  obj/DD_Gene.o
DD_initialize                                     obj/DD_Gene.o
                                                  obj/SystemTaskManager.o
DD_print                                          obj/DD_Gene.o
                                                  obj/SystemTaskManager.o
DD_receive2SS                                     obj/DD_SS.o
                                                  obj/SystemTaskManager.o
                                                  obj/DD_Gene.o
DD_send2AB                                        obj/DD_AB.o
                                                  obj/DD_Gene.o
DD_send2LD                                        obj/DD_LD.o
DD_send2MD                                        obj/DD_MD.o
                                                  obj/DD_Gene.o
DMA1_Channel1_IRQHandler                          obj/startup.o
DMA1_Channel2_IRQHandler                          obj/startup.o
DMA1_Channel3_IRQHandler                          obj/stm32f1xx_it.o
DMA1_Channel4_IRQHandler                          obj/stm32f1xx_it.o
DMA1_Channel5_IRQHandler                          obj/stm32f1xx_it.o
DMA1_Channel6_IRQHandler                          obj/startup.o
DMA1_Channel7_IRQHandler                          obj/stm32f1xx_it.o
DebugMon_Handler                                  obj/stm32f1xx_it.o
Default_Handler                                   obj/startup.o
EXTI0_IRQHandler                                  obj/startup.o
EXTI15_10_IRQHandler                              obj/startup.o
EXTI1_IRQHandler                                  obj/startup.o
EXTI2_IRQHandler                                  obj/startup.o
EXTI3_IRQHandler                                  obj/startup.o
EXTI4_IRQHandler                                  obj/startup.o
EXTI9_5_IRQHandler                                obj/startup.o
Empty_Check                                       obj/DD_SS.o
Error_Handler                                     obj/msp.o
FLASH_IRQHandler                                  obj/startup.o
FLASH_PageErase                                   obj/stm32f1xx_hal_flash_ex.o
                                                  obj/stm32f1xx_hal_flash.o
FLASH_WaitForLastOperation                        obj/stm32f1xx_hal_flash.o
                                                  obj/stm32f1xx_hal_flash_ex.o
HAL_ADCEx_Calibration_Start                       obj/stm32f1xx_hal_adc_ex.o